Component: Arm Compiler for Embedded 6.23 Tool: armlink [5f102400]

==============================================================================

Section Cross References

    startup.o(STACK) refers (Special) to heapauxi.o(.text) for __use_two_region_memory
    startup.o(HEAP) refers (Special) to heapauxi.o(.text) for __use_two_region_memory
    startup.o(RESET) refers (Special) to heapauxi.o(.text) for __use_two_region_memory
    startup.o(RESET) refers to startup.o(STACK) for StackMem
    startup.o(RESET) refers to timer.o(.text.Timer2A_Handler) for Timer2A_Handler
    startup.o(RESET) refers to __main.o(!!!main) for __main
    startup.o(.text) refers (Special) to heapauxi.o(.text) for __use_two_region_memory
    startup.o(.text) refers to startup.o(HEAP) for HeapMem
    startup.o(.text) refers to startup.o(STACK) for StackMem
    main.o(.text.main) refers to utils.o(.text) for PLL_Init
    main.o(.text.main) refers to gpio.o(.text.GPIO_Init) for GPIO_Init
    main.o(.text.main) refers to timer.o(.text.init_timer) for init_timer
    main.o(.text.main) refers to lcd.o(.text.LCD_Init) for LCD_Init
    main.o(.text.main) refers to leds.o(.text.enable_leds) for enable_leds
    main.o(.text.main) refers to leds.o(.text.turn_off_all) for turn_off_all
    main.o(.text.main) refers to lcd.o(.text.clearDisplay) for clearDisplay
    main.o(.text.main) refers to controller.o(.text.GetInitialInformation) for GetInitialInformation
    main.o(.text.main) refers to timer.o(.text.start_counting) for start_counting
    main.o(.text.main) refers to motor.o(.text.MoveMotor) for MoveMotor
    main.o(.text.main) refers to timer.o(.text.stop_counting) for stop_counting
    main.o(.text.main) refers to controller.o(.text.ResetInformation) for ResetInformation
    main.o(.text.main) refers to lcd.o(.text.WriteWord_LCD) for WriteWord_LCD
    main.o(.text.main) refers to keyboard.o(.text.GetKey) for GetKey
    main.o(.ARM.exidx.text.main) refers to main.o(.text.main) for [Anonymous Symbol]
    gpio.o(.ARM.exidx.text.GPIO_Init) refers to gpio.o(.text.GPIO_Init) for [Anonymous Symbol]
    gpio.o(.ARM.exidx.text.PortL_Input) refers to gpio.o(.text.PortL_Input) for [Anonymous Symbol]
    gpio.o(.ARM.exidx.text.PortA_Output) refers to gpio.o(.text.PortA_Output) for [Anonymous Symbol]
    gpio.o(.ARM.exidx.text.PortK_Output) refers to gpio.o(.text.PortK_Output) for [Anonymous Symbol]
    gpio.o(.ARM.exidx.text.PortH_Output) refers to gpio.o(.text.PortH_Output) for [Anonymous Symbol]
    gpio.o(.ARM.exidx.text.PortP_Output) refers to gpio.o(.text.PortP_Output) for [Anonymous Symbol]
    gpio.o(.ARM.exidx.text.PortQ_Output) refers to gpio.o(.text.PortQ_Output) for [Anonymous Symbol]
    gpio.o(.ARM.exidx.text.PortN_Output) refers to gpio.o(.text.PortN_Output) for [Anonymous Symbol]
    gpio.o(.ARM.exidx.text.PortM_Output_LCD) refers to gpio.o(.text.PortM_Output_LCD) for [Anonymous Symbol]
    gpio.o(.ARM.exidx.text.PortM_Output_Keyboard) refers to gpio.o(.text.PortM_Output_Keyboard) for [Anonymous Symbol]
    gpio.o(.text.SetOneExitM) refers to utils.o(.text) for SysTick_Wait1ms
    gpio.o(.ARM.exidx.text.SetOneExitM) refers to gpio.o(.text.SetOneExitM) for [Anonymous Symbol]
    gpio.o(.ARM.exidx.text.Return_PortM) refers to gpio.o(.text.Return_PortM) for [Anonymous Symbol]
    gpio.o(.ARM.exidx.text.Return_PortL) refers to gpio.o(.text.Return_PortL) for [Anonymous Symbol]
    gpio.o(.ARM.exidx.text.Return_PortA) refers to gpio.o(.text.Return_PortA) for [Anonymous Symbol]
    gpio.o(.ARM.exidx.text.Return_PortP) refers to gpio.o(.text.Return_PortP) for [Anonymous Symbol]
    gpio.o(.ARM.exidx.text.Return_PortQ) refers to gpio.o(.text.Return_PortQ) for [Anonymous Symbol]
    gpio.o(.ARM.exidx.text.Return_PortN) refers to gpio.o(.text.Return_PortN) for [Anonymous Symbol]
    lcd.o(.text.LCD_Init) refers to utils.o(.text) for SysTick_Wait1ms
    lcd.o(.text.LCD_Init) refers to gpio.o(.text.PortM_Output_LCD) for PortM_Output_LCD
    lcd.o(.text.LCD_Init) refers to gpio.o(.text.PortK_Output) for PortK_Output
    lcd.o(.text.LCD_Init) refers to gpio.o(.text.Return_PortM) for Return_PortM
    lcd.o(.ARM.exidx.text.LCD_Init) refers to lcd.o(.text.LCD_Init) for [Anonymous Symbol]
    lcd.o(.text.SendData_LCD) refers to gpio.o(.text.PortM_Output_LCD) for PortM_Output_LCD
    lcd.o(.text.SendData_LCD) refers to gpio.o(.text.PortK_Output) for PortK_Output
    lcd.o(.text.SendData_LCD) refers to gpio.o(.text.Return_PortM) for Return_PortM
    lcd.o(.text.SendData_LCD) refers to utils.o(.text) for SysTick_Wait1us
    lcd.o(.ARM.exidx.text.SendData_LCD) refers to lcd.o(.text.SendData_LCD) for [Anonymous Symbol]
    lcd.o(.text.MoveCursor_LCD) refers to gpio.o(.text.PortM_Output_LCD) for PortM_Output_LCD
    lcd.o(.text.MoveCursor_LCD) refers to gpio.o(.text.PortK_Output) for PortK_Output
    lcd.o(.text.MoveCursor_LCD) refers to gpio.o(.text.Return_PortM) for Return_PortM
    lcd.o(.text.MoveCursor_LCD) refers to utils.o(.text) for SysTick_Wait1us
[...]
    noretval__2sprintf.o(.text) refers to _sputc.o(.text) for _sputc
    __printf.o(.text) refers to _printf_percent.o(.ARM.Collect$$_printf_percent$$00000000) for _printf_percent
    _printf_dec.o(.text) refers to _printf_intcommon.o(.text) for _printf_int_common
    __printf_flags.o(.text) refers to _printf_percent.o(.ARM.Collect$$_printf_percent$$00000000) for _printf_percent
    __printf_flags.o(.text) refers to __printf_flags.o(.constdata) for .constdata
    __printf_ss.o(.text) refers to _printf_percent.o(.ARM.Collect$$_printf_percent$$00000000) for _printf_percent
    __printf_flags_ss.o(.text) refers to _printf_percent.o(.ARM.Collect$$_printf_percent$$00000000) for _printf_percent
    __printf_flags_ss.o(.text) refers to __printf_flags_ss.o(.constdata) for .constdata
    __printf_wp.o(.text) refers to __printf_wp.o(i._is_digit) for _is_digit
    __printf_wp.o(.text) refers to _printf_percent.o(.ARM.Collect$$_printf_percent$$00000000) for _printf_percent
    __printf_flags_wp.o(.text) refers to __printf_wp.o(i._is_digit) for _is_digit
    __printf_flags_wp.o(.text) refers to _printf_percent.o(.ARM.Collect$$_printf_percent$$00000000) for _printf_percent
    __printf_flags_wp.o(.text) refers to __printf_flags_wp.o(.constdata) for .constdata
    __printf_ss_wp.o(.text) refers to __printf_wp.o(i._is_digit) for _is_digit
    __printf_ss_wp.o(.text) refers to _printf_percent.o(.ARM.Collect$$_printf_percent$$00000000) for _printf_percent
    __printf_flags_ss_wp.o(.text) refers to __printf_wp.o(i._is_digit) for _is_digit
    __printf_flags_ss_wp.o(.text) refers to _printf_percent.o(.ARM.Collect$$_printf_percent$$00000000) for _printf_percent
    __printf_flags_ss_wp.o(.text) refers to __printf_flags_ss_wp.o(.constdata) for .constdata
    _printf_d.o(.ARM.Collect$$_printf_percent$$00000009) refers (Weak) to _printf_dec.o(.text) for _printf_int_dec
    _printf_percent.o(.ARM.Collect$$_printf_percent$$00000000) refers (Special) to _printf_percent_end.o(.ARM.Collect$$_printf_percent$$00000017) for _printf_percent_end
    strtol.o(.text) refers to rt_ctype_table.o(.text) for __rt_ctype_table
    strtol.o(.text) refers to _strtoul.o(.text) for _strtoul
    strtol.o(.text) refers to rt_errno_addr_intlibspace.o(.text) for __aeabi_errno_addr
    __main.o(!!!main) refers to __rtentry.o(.ARM.Collect$$rtentry$$00000000) for __rt_entry
    dcmp.o(x$fpl$fcmp) refers (Special) to usenofp.o(x$fpl$usenofp) for __I$use$fp
    dcmp.o(x$fpl$fcmp) refers to deqf.o(x$fpl$deqf) for _dcmpeq
    dcmp.o(x$fpl$fcmp) refers to dgeqf.o(x$fpl$dgeqf) for _dcmpge
    dcmp.o(x$fpl$fcmp) refers to dleqf.o(x$fpl$dleqf) for _dcmple
    dflt_clz.o(x$fpl$dfltu) refers (Special) to usenofp.o(x$fpl$usenofp) for __I$use$fp
    dflt_clz.o(x$fpl$dflt) refers (Special) to usenofp.o(x$fpl$usenofp) for __I$use$fp
    dflt_clz.o(x$fpl$dfltn) refers (Special) to usenofp.o(x$fpl$usenofp) for __I$use$fp
    __rtentry.o(.ARM.Collect$$rtentry$$00000000) refers (Special) to __rtentry2.o(.ARM.Collect$$rtentry$$0000000A) for __rt_entry_li
    __rtentry.o(.ARM.Collect$$rtentry$$00000000) refers (Special) to __rtentry2.o(.ARM.Collect$$rtentry$$0000000D) for __rt_entry_main
    __rtentry.o(.ARM.Collect$$rtentry$$00000000) refers (Special) to __rtentry2.o(.ARM.Collect$$rtentry$$0000000C) for __rt_entry_postli_1
    __rtentry.o(.ARM.Collect$$rtentry$$00000000) refers (Special) to __rtentry2.o(.ARM.Collect$$rtentry$$00000009) for __rt_entry_postsh_1
    __rtentry.o(.ARM.Collect$$rtentry$$00000000) refers (Special) to __rtentry2.o(.ARM.Collect$$rtentry$$00000002) for __rt_entry_presh_1
    __rtentry.o(.ARM.Collect$$rtentry$$00000000) refers (Special) to __rtentry4.o(.ARM.Collect$$rtentry$$00000004) for __rt_entry_sh
    rt_ctype_table.o(.text) refers to rt_locale_intlibspace.o(.text) for __rt_locale
    rt_ctype_table.o(.text) refers to lc_ctype_c.o(locale$$code) for _get_lc_ctype
    rt_errno_addr.o(.text) refers to rt_errno_addr.o(.bss) for __aeabi_errno_addr_data
    rt_errno_addr_intlibspace.o(.text) refers to libspace.o(.bss) for __libspace_start
    _printf_char_common.o(.text) refers to __printf.o(.text) for __printf
    _strtoul.o(.text) refers to _chval.o(.text) for _chval
    _strtoul.o(.text) refers to rt_errno_addr_intlibspace.o(.text) for __aeabi_errno_addr
    deqf.o(x$fpl$deqf) refers (Special) to usenofp.o(x$fpl$usenofp) for __I$use$fp
    deqf.o(x$fpl$deqf) refers to dnaninf.o(x$fpl$dnaninf) for __fpl_dnaninf
    deqf.o(x$fpl$deqf) refers to dcmpi.o(x$fpl$dcmpinf) for __fpl_dcmp_Inf
    dgeqf.o(x$fpl$dgeqf) refers (Special) to usenofp.o(x$fpl$usenofp) for __I$use$fp
    dgeqf.o(x$fpl$dgeqf) refers to dnaninf.o(x$fpl$dnaninf) for __fpl_dnaninf
    dgeqf.o(x$fpl$dgeqf) refers to dcmpi.o(x$fpl$dcmpinf) for __fpl_dcmp_Inf
    dleqf.o(x$fpl$dleqf) refers (Special) to usenofp.o(x$fpl$usenofp) for __I$use$fp
    dleqf.o(x$fpl$dleqf) refers to dnaninf.o(x$fpl$dnaninf) for __fpl_dnaninf
    dleqf.o(x$fpl$dleqf) refers to dcmpi.o(x$fpl$dcmpinf) for __fpl_dcmp_Inf
    libspace.o(.text) refers to libspace.o(.bss) for __libspace_start
    __rtentry2.o(.ARM.Collect$$rtentry$$00000008) refers to boardinit2.o(.text) for _platform_post_stackheap_init
    __rtentry2.o(.ARM.Collect$$rtentry$$0000000A) refers to libinit.o(.ARM.Collect$$libinit$$00000000) for __rt_lib_init
    __rtentry2.o(.ARM.Collect$$rtentry$$0000000B) refers to boardinit3.o(.text) for _platform_post_lib_init
    __rtentry2.o(.ARM.Collect$$rtentry$$0000000D) refers to main.o(.text.main) for main
    __rtentry2.o(.ARM.Collect$$rtentry$$0000000D) refers to exit.o(.text) for exit
    __rtentry2.o(.ARM.exidx) refers to __rtentry2.o(.ARM.Collect$$rtentry$$00000001) for .ARM.Collect$$rtentry$$00000001
    __rtentry2.o(.ARM.exidx) refers to __rtentry2.o(.ARM.Collect$$rtentry$$00000008) for .ARM.Collect$$rtentry$$00000008
    __rtentry2.o(.ARM.exidx) refers to __rtentry2.o(.ARM.Collect$$rtentry$$0000000A) for .ARM.Collect$$rtentry$$0000000A
    __rtentry2.o(.ARM.exidx) refers to __rtentry2.o(.ARM.Collect$$rtentry$$0000000B) for .ARM.Collect$$rtentry$$0000000B
    __rtentry2.o(.ARM.exidx) refers to __rtentry2.o(.ARM.Collect$$rtentry$$0000000D) for .ARM.Collect$$rtentry$$0000000D
    __rtentry4.o(.ARM.Collect$$rtentry$$00000004) refers to sys_stackheap_outer.o(.text) for __user_setup_stackheap
    __rtentry4.o(.ARM.exidx) refers to __rtentry4.o(.ARM.Collect$$rtentry$$00000004) for .ARM.Collect$$rtentry$$00000004
    rt_locale.o(.text) refers to rt_locale.o(.bss) for __rt_locale_data
    rt_locale_intlibspace.o(.text) refers to libspace.o(.bss) for __libspace_start
    lc_ctype_c.o(locale$$data) refers (Special) to libinit2.o(.ARM.Collect$$libinit$$00000014) for __rt_lib_init_lc_ctype_2
    lc_ctype_c.o(locale$$code) refers (Special) to libinit2.o(.ARM.Collect$$libinit$$00000014) for __rt_lib_init_lc_ctype_2
    lc_ctype_c.o(locale$$code) refers to strcmpv7em.o(.text) for strcmp
    lc_ctype_c.o(locale$$code) refers to lc_ctype_c.o(locale$$data) for __lcctype_c_name
    dcmpi.o(x$fpl$dcmpinf) refers (Special) to usenofp.o(x$fpl$usenofp) for __I$use$fp
    dnaninf.o(x$fpl$dnaninf) refers (Special) to usenofp.o(x$fpl$usenofp) for __I$use$fp
    sys_stackheap_outer.o(.text) refers to libspace.o(.text) for __user_perproc_libspace
    sys_stackheap_outer.o(.text) refers to startup.o(.text) for __user_initial_stackheap
    exit.o(.text) refers to rtexit.o(.ARM.Collect$$rtexit$$00000000) for __rt_exit
    libinit.o(.ARM.Collect$$libinit$$00000000) refers (Special) to libinit2.o(.ARM.Collect$$libinit$$00000030) for __rt_lib_init_alloca_1
    libinit.o(.ARM.Collect$$libinit$$00000000) refers (Special) to libinit2.o(.ARM.Collect$$libinit$$0000002E) for __rt_lib_init_argv_1
    libinit.o(.ARM.Collect$$libinit$$00000000) refers (Special) to libinit2.o(.ARM.Collect$$libinit$$0000001D) for __rt_lib_init_atexit_1
    libinit.o(.ARM.Collect$$libinit$$00000000) refers (Special) to libinit2.o(.ARM.Collect$$libinit$$00000023) for __rt_lib_init_clock_1
    libinit.o(.ARM.Collect$$libinit$$00000000) refers (Special) to libinit2.o(.ARM.Collect$$libinit$$00000034) for __rt_lib_init_cpp_1
    libinit.o(.ARM.Collect$$libinit$$00000000) refers (Special) to libinit2.o(.ARM.Collect$$libinit$$00000032) for __rt_lib_init_exceptions_1
    libinit.o(.ARM.Collect$$libinit$$00000000) refers (Special) to libinit2.o(.ARM.Collect$$libinit$$00000001) for __rt_lib_init_fp_1
    libinit.o(.ARM.Collect$$libinit$$00000000) refers (Special) to libinit2.o(.ARM.Collect$$libinit$$00000021) for __rt_lib_init_fp_trap_1
    libinit.o(.ARM.Collect$$libinit$$00000000) refers (Special) to libinit2.o(.ARM.Collect$$libinit$$00000025) for __rt_lib_init_getenv_1
    libinit.o(.ARM.Collect$$libinit$$00000000) refers (Special) to libinit2.o(.ARM.Collect$$libinit$$0000000C) for __rt_lib_init_heap_1
    libinit.o(.ARM.Collect$$libinit$$00000000) refers (Special) to libinit2.o(.ARM.Collect$$libinit$$00000013) for __rt_lib_init_lc_collate_1
    libinit.o(.ARM.Collect$$libinit$$00000000) refers (Special) to libinit2.o(.ARM.Collect$$libinit$$00000015) for __rt_lib_init_lc_ctype_1
    libinit.o(.ARM.Collect$$libinit$$00000000) refers (Special) to libinit2.o(.ARM.Collect$$libinit$$00000017) for __rt_lib_init_lc_monetary_1
    libinit.o(.ARM.Collect$$libinit$$00000000) refers (Special) to libinit2.o(.ARM.Collect$$libinit$$00000019) for __rt_lib_init_lc_numeric_1
    libinit.o(.ARM.Collect$$libinit$$00000000) refers (Special) to libinit2.o(.ARM.Collect$$libinit$$0000001B) for __rt_lib_init_lc_time_1
    libinit.o(.ARM.Collect$$libinit$$00000000) refers (Special) to libinit2.o(.ARM.Collect$$libinit$$00000006) for __rt_lib_init_preinit_1
    libinit.o(.ARM.Collect$$libinit$$00000000) refers (Special) to libinit2.o(.ARM.Collect$$libinit$$00000010) for __rt_lib_init_rand_1
    libinit.o(.ARM.Collect$$libinit$$00000000) refers (Special) to libinit2.o(.ARM.Collect$$libinit$$00000004) for __rt_lib_init_relocate_pie_1
    libinit.o(.ARM.Collect$$libinit$$00000000) refers (Special) to libinit2.o(.ARM.Collect$$libinit$$00000035) for __rt_lib_init_return
    libinit.o(.ARM.Collect$$libinit$$00000000) refers (Special) to libinit2.o(.ARM.Collect$$libinit$$0000001F) for __rt_lib_init_signal_1
    libinit.o(.ARM.Collect$$libinit$$00000000) refers (Special) to libinit2.o(.ARM.Collect$$libinit$$00000027) for __rt_lib_init_stdio_1
    libinit.o(.ARM.Collect$$libinit$$00000000) refers (Special) to libinit2.o(.ARM.Collect$$libinit$$0000000E) for __rt_lib_init_user_alloc_1
    libinit2.o(.ARM.Collect$$libinit$$00000001) refers to fpinit.o(x$fpl$fpinit) for _fp_init
    libinit2.o(.ARM.Collect$$libinit$$00000011) refers (Weak) to rt_locale_intlibspace.o(.text) for __rt_locale
    libinit2.o(.ARM.Collect$$libinit$$00000012) refers to libinit2.o(.ARM.Collect$$libinit$$00000011) for .ARM.Collect$$libinit$$00000011
    libinit2.o(.ARM.Collect$$libinit$$00000014) refers to libinit2.o(.ARM.Collect$$libinit$$00000011) for .ARM.Collect$$libinit$$00000011
    libinit2.o(.ARM.Collect$$libinit$$00000014) refers (Weak) to lc_ctype_c.o(locale$$code) for _get_lc_ctype
    libinit2.o(.ARM.Collect$$libinit$$00000016) refers to libinit2.o(.ARM.Collect$$libinit$$00000011) for .ARM.Collect$$libinit$$00000011
    libinit2.o(.ARM.Collect$$libinit$$00000018) refers to libinit2.o(.ARM.Collect$$libinit$$00000011) for .ARM.Collect$$libinit$$00000011
    libinit2.o(.ARM.Collect$$libinit$$0000001A) refers to libinit2.o(.ARM.Collect$$libinit$$00000011) for .ARM.Collect$$libinit$$00000011
    libinit2.o(.ARM.Collect$$libinit$$00000028) refers to argv_veneer.o(.emb_text) for __ARM_argv_veneer
    libinit2.o(.ARM.Collect$$libinit$$00000029) refers to argv_veneer.o(.emb_text) for __ARM_argv_veneer
    rtexit.o(.ARM.Collect$$rtexit$$00000000) refers (Special) to rtexit2.o(.ARM.Collect$$rtexit$$00000004) for __rt_exit_exit
    rtexit.o(.ARM.Collect$$rtexit$$00000000) refers (Special) to rtexit2.o(.ARM.Collect$$rtexit$$00000003) for __rt_exit_ls
    rtexit.o(.ARM.Collect$$rtexit$$00000000) refers (Special) to rtexit2.o(.ARM.Collect$$rtexit$$00000002) for __rt_exit_prels_1
    rtexit.o(.ARM.exidx) refers (Special) to rtexit2.o(.ARM.Collect$$rtexit$$00000004) for __rt_exit_exit
    rtexit.o(.ARM.exidx) refers (Special) to rtexit2.o(.ARM.Collect$$rtexit$$00000003) for __rt_exit_ls
    rtexit.o(.ARM.exidx) refers (Special) to rtexit2.o(.ARM.Collect$$rtexit$$00000002) for __rt_exit_prels_1
    rtexit.o(.ARM.exidx) refers to rtexit.o(.ARM.Collect$$rtexit$$00000000) for .ARM.Collect$$rtexit$$00000000
    argv_veneer.o(.emb_text) refers to no_argv.o(.text) for __ARM_get_argv
    rtexit2.o(.ARM.Collect$$rtexit$$00000003) refers to libshutdown.o(.ARM.Collect$$libshutdown$$00000000) for __rt_lib_shutdown
    rtexit2.o(.ARM.Collect$$rtexit$$00000004) refers to sys_exit.o(.text) for _sys_exit
    rtexit2.o(.ARM.exidx) refers to rtexit2.o(.ARM.Collect$$rtexit$$00000001) for .ARM.Collect$$rtexit$$00000001
    rtexit2.o(.ARM.exidx) refers to rtexit2.o(.ARM.Collect$$rtexit$$00000003) for .ARM.Collect$$rtexit$$00000003
    rtexit2.o(.ARM.exidx) refers to rtexit2.o(.ARM.Collect$$rtexit$$00000004) for .ARM.Collect$$rtexit$$00000004
    _get_argv_nomalloc.o(.text) refers (Special) to hrguard.o(.text) for __heap_region$guard
    _get_argv_nomalloc.o(.text) refers to defsig_rtmem_outer.o(.text) for __rt_SIGRTMEM
    _get_argv_nomalloc.o(.text) refers to sys_command.o(.text) for _sys_command_string
    sys_command.o(.text) refers (Special) to use_no_semi.o(.text) for __I$use$semihosting
    sys_command.o(.text) refers (Special) to indicate_semi.o(.text) for __semihosting_library_function
    sys_exit.o(.text) refers (Special) to use_no_semi.o(.text) for __I$use$semihosting
    sys_exit.o(.text) refers (Special) to indicate_semi.o(.text) for __semihosting_library_function
    sys_command_hlt.o(.text) refers (Special) to use_no_semi.o(.text) for __I$use$semihosting
    sys_command_hlt.o(.text) refers (Special) to indicate_semi.o(.text) for __semihosting_library_function
    sys_exit_hlt.o(.text) refers (Special) to use_no_semi.o(.text) for __I$use$semihosting
    sys_exit_hlt.o(.text) refers (Special) to indicate_semi.o(.text) for __semihosting_library_function
    defsig_rtmem_outer.o(.text) refers to defsig_rtmem_inner.o(.text) for __rt_SIGRTMEM_inner
    defsig_rtmem_outer.o(.text) refers to defsig_exit.o(.text) for __sig_exit
    defsig_rtmem_formal.o(.text) refers to rt_raise.o(.text) for __rt_raise
    libshutdown.o(.ARM.Collect$$libshutdown$$00000000) refers (Special) to libshutdown2.o(.ARM.Collect$$libshutdown$$00000002) for __rt_lib_shutdown_cpp_1
    libshutdown.o(.ARM.Collect$$libshutdown$$00000000) refers (Special) to libshutdown2.o(.ARM.Collect$$libshutdown$$00000007) for __rt_lib_shutdown_fp_trap_1
    libshutdown.o(.ARM.Collect$$libshutdown$$00000000) refers (Special) to libshutdown2.o(.ARM.Collect$$libshutdown$$0000000F) for __rt_lib_shutdown_heap_1
    libshutdown.o(.ARM.Collect$$libshutdown$$00000000) refers (Special) to libshutdown2.o(.ARM.Collect$$libshutdown$$00000010) for __rt_lib_shutdown_return
    libshutdown.o(.ARM.Collect$$libshutdown$$00000000) refers (Special) to libshutdown2.o(.ARM.Collect$$libshutdown$$0000000A) for __rt_lib_shutdown_signal_1
    libshutdown.o(.ARM.Collect$$libshutdown$$00000000) refers (Special) to libshutdown2.o(.ARM.Collect$$libshutdown$$00000004) for __rt_lib_shutdown_stdio_1
    libshutdown.o(.ARM.Collect$$libshutdown$$00000000) refers (Special) to libshutdown2.o(.ARM.Collect$$libshutdown$$0000000C) for __rt_lib_shutdown_user_alloc_1
    rt_raise.o(.text) refers to __raise.o(.text) for __raise
    rt_raise.o(.text) refers to sys_exit.o(.text) for _sys_exit
    defsig_exit.o(.text) refers to sys_exit.o(.text) for _sys_exit
    defsig_rtmem_inner.o(.text) refers to defsig_general.o(.text) for __default_signal_display
    __raise.o(.text) refers to defsig.o(CL$$defsig) for __default_signal_handler
    defsig_general.o(.text) refers to sys_wrch.o(.text) for _ttywrch
    sys_wrch.o(.text) refers (Special) to use_no_semi.o(.text) for __I$use$semihosting
    sys_wrch.o(.text) refers (Special) to indicate_semi.o(.text) for __semihosting_library_function
    sys_wrch_hlt.o(.text) refers (Special) to use_no_semi.o(.text) for __I$use$semihosting
    sys_wrch_hlt.o(.text) refers (Special) to indicate_semi.o(.text) for __semihosting_library_function
    defsig.o(CL$$defsig) refers to defsig_rtmem_inner.o(.text) for __rt_SIGRTMEM_inner
    defsig_abrt_inner.o(.text) refers to defsig_general.o(.text) for __default_signal_display
    defsig_fpe_inner.o(.text) refers to defsig_general.o(.text) for __default_signal_display
    defsig_rtred_inner.o(.text) refers to defsig_general.o(.text) for __default_signal_display
    defsig_stak_inner.o(.text) refers to defsig_general.o(.text) for __default_signal_display
    defsig_pvfn_inner.o(.text) refers to defsig_general.o(.text) for __default_signal_display
    defsig_cppl_inner.o(.text) refers to defsig_general.o(.text) for __default_signal_display
    defsig_segv_inner.o(.text) refers to defsig_general.o(.text) for __default_signal_display
    defsig_other.o(.text) refers to defsig_general.o(.text) for __default_signal_display


==============================================================================

Removing Unused input sections from the image.

    Removing main.o(.text), (0 bytes).
    Removing main.o(.ARM.exidx.text.main), (8 bytes).
    Removing main.o(.rodata..L__const.main.end), (3 bytes).
    Removing main.o(.ARM.use_no_argv), (4 bytes).
    Removing gpio.o(.text), (0 bytes).
    Removing gpio.o(.ARM.exidx.text.GPIO_Init), (8 bytes).
    Removing gpio.o(.text.PortL_Input), (12 bytes).
    Removing gpio.o(.ARM.exidx.text.PortL_Input), (8 bytes).
    Removing gpio.o(.ARM.exidx.text.PortA_Output), (8 bytes).
    Removing gpio.o(.ARM.exidx.text.PortK_Output), (8 bytes).
    Removing gpio.o(.ARM.exidx.text.PortH_Output), (8 bytes).
    Removing gpio.o(.ARM.exidx.text.PortP_Output), (8 bytes).
    Removing gpio.o(.ARM.exidx.text.PortQ_Output), (8 bytes).
    Removing gpio.o(.ARM.exidx.text.PortN_Output), (8 bytes).
    Removing gpio.o(.ARM.exidx.text.PortM_Output_LCD), (8 bytes).
    Removing gpio.o(.text.PortM_Output_Keyboard), (24 bytes).
    Removing gpio.o(.ARM.exidx.text.PortM_Output_Keyboard), (8 bytes).
    Removing gpio.o(.ARM.exidx.text.SetOneExitM), (8 bytes).
    Removing gpio.o(.ARM.exidx.text.Return_PortM), (8 bytes).
    Removing gpio.o(.ARM.exidx.text.Return_PortL), (8 bytes).
    Removing gpio.o(.ARM.exidx.text.Return_PortA), (8 bytes).
    Removing gpio.o(.ARM.exidx.text.Return_PortP), (8 bytes).
    Removing gpio.o(.ARM.exidx.text.Return_PortQ), (8 bytes).
    Removing gpio.o(.ARM.exidx.text.Return_PortN), (8 bytes).
    Removing lcd.o(.text), (0 bytes).
    Removing lcd.o(.ARM.exidx.text.LCD_Init), (8 bytes).
    Removing lcd.o(.text.SendData_LCD), (56 bytes).
    Removing lcd.o(.ARM.exidx.text.SendData_LCD), (8 bytes).
    Removing lcd.o(.text.MoveCursor_LCD), (54 bytes).
    Removing lcd.o(.ARM.exidx.text.MoveCursor_LCD), (8 bytes).
    Removing lcd.o(.ARM.exidx.text.clearDisplay), (8 bytes).
    Removing lcd.o(.text.Enable_LCD), (42 bytes).
    Removing lcd.o(.ARM.exidx.text.Enable_LCD), (8 bytes).
    Removing lcd.o(.ARM.exidx.text.WriteWord_LCD), (8 bytes).
    Removing lcd.o(.ARM.exidx.text.WriteLetter_LCD), (8 bytes).
    Removing lcd.o(.ARM.exidx.text.SkipLine), (8 bytes).
    Removing keyboard.o(.text), (0 bytes).
    Removing keyboard.o(.ARM.exidx.text.GetKey), (8 bytes).
    Removing controller.o(.text), (0 bytes).
    Removing controller.o(.ARM.exidx.text.GetInitialInformation), (8 bytes).
    Removing controller.o(.text.GetDegress), (76 bytes).
    Removing controller.o(.ARM.exidx.text.GetDegress), (8 bytes).
    Removing controller.o(.text.GetRotation), (106 bytes).
    Removing controller.o(.ARM.exidx.text.GetRotation), (8 bytes).
    Removing controller.o(.text.GetSpeed), (98 bytes).
    Removing controller.o(.ARM.exidx.text.GetSpeed), (8 bytes).
    Removing controller.o(.ARM.exidx.text.ShowStatus), (8 bytes).
    Removing controller.o(.text.ShowRotation), (78 bytes).
    Removing controller.o(.ARM.exidx.text.ShowRotation), (8 bytes).
    Removing controller.o(.text.ShowSpeed), (84 bytes).
    Removing controller.o(.ARM.exidx.text.ShowSpeed), (8 bytes).
    Removing controller.o(.text.ShowDegress), (48 bytes).
    Removing controller.o(.ARM.exidx.text.ShowDegress), (8 bytes).
    Removing controller.o(.ARM.exidx.text.ResetInformation), (8 bytes).
    Removing controller.o(.rodata.str1.4), (70 bytes).
    Removing controller.o(.rodata..L__const.ShowStatus.error), (3 bytes).
    Removing controller.o(.rodata.str1.1), (14 bytes).
    Removing motor.o(.text), (0 bytes).
    Removing motor.o(.ARM.exidx.text.MoveMotor), (8 bytes).
    Removing motor.o(.text.InitParameters), (88 bytes).
    Removing motor.o(.ARM.exidx.text.InitParameters), (8 bytes).
    Removing motor.o(.text.Move15degrees), (120 bytes).
    Removing motor.o(.ARM.exidx.text.Move15degrees), (8 bytes).
    Removing motor.o(.rodata..L__const.InitParameters.error), (6 bytes).
    Removing leds.o(.text), (0 bytes).
    Removing leds.o(.ARM.exidx.text.enable_leds), (8 bytes).
    Removing leds.o(.ARM.exidx.text.turn_off_all), (8 bytes).
    Removing leds.o(.text.turn_on_all), (34 bytes).
    Removing leds.o(.ARM.exidx.text.turn_on_all), (8 bytes).
    Removing leds.o(.text.turn_on), (116 bytes).
    Removing leds.o(.ARM.exidx.text.turn_on), (8 bytes).
    Removing leds.o(.ARM.exidx.text.turn_on_int), (8 bytes).
    Removing leds.o(.text.turn_off), (116 bytes).
    Removing leds.o(.ARM.exidx.text.turn_off), (8 bytes).
    Removing leds.o(.text.turn_off_int), (148 bytes).
    Removing leds.o(.ARM.exidx.text.turn_off_int), (8 bytes).
    Removing ledblinking.o(.text), (0 bytes).
    Removing ledblinking.o(.ARM.exidx.text.invertLED), (8 bytes).
    Removing ledblinking.o(.ARM.exidx.text.turnOffLED), (8 bytes).
    Removing timer.o(.text), (0 bytes).
    Removing timer.o(.ARM.exidx.text.init_timer), (8 bytes).
    Removing timer.o(.text.enable_counting), (18 bytes).
    Removing timer.o(.ARM.exidx.text.enable_counting), (8 bytes).
    Removing timer.o(.ARM.exidx.text.start_counting), (8 bytes).
    Removing timer.o(.ARM.exidx.text.stop_counting), (8 bytes).
    Removing timer.o(.ARM.exidx.text.Timer2A_Handler), (8 bytes).

86 unused section(s) (total 1842 bytes) removed from the image.

==============================================================================

Image Symbol Table

    Local Symbols

    Symbol Name                              Value     Ov Type        Size  Object(Section)

    ../clib/angel/boardlib.s                 0x00000000   Number         0  boardinit1.o ABSOLUTE
    ../clib/angel/boardlib.s                 0x00000000   Number         0  boardinit2.o ABSOLUTE
    ../clib/angel/boardlib.s                 0x00000000   Number         0  boardinit3.o ABSOLUTE
    ../clib/angel/boardlib.s                 0x00000000   Number         0  boardshut.o ABSOLUTE
    ../clib/angel/handlers.s                 0x00000000   Number         0  __scatter_copy.o ABSOLUTE
    ../clib/angel/handlers.s                 0x00000000   Number         0  __scatter_zi.o ABSOLUTE
    ../clib/angel/kernel.s                   0x00000000   Number         0  __rtentry.o ABSOLUTE
    ../clib/angel/kernel.s                   0x00000000   Number         0  __rtentry2.o ABSOLUTE
    ../clib/angel/kernel.s                   0x00000000   Number         0  __rtentry4.o ABSOLUTE
    ../clib/angel/kernel.s                   0x00000000   Number         0  rtexit.o ABSOLUTE
    ../clib/angel/kernel.s                   0x00000000   Number         0  rtexit2.o ABSOLUTE
    ../clib/angel/rt.s                       0x00000000   Number         0  rt_ctype_table.o ABSOLUTE
    ../clib/angel/rt.s                       0x00000000   Number         0  rt_errno_addr.o ABSOLUTE
    ../clib/angel/rt.s                       0x00000000   Number         0  rt_errno_addr_intlibspace.o ABSOLUTE
    ../clib/angel/rt.s                       0x00000000   Number         0  rt_locale.o ABSOLUTE
    ../clib/angel/rt.s                       0x00000000   Number         0  rt_locale_intlibspace.o ABSOLUTE
    ../clib/angel/rt.s                       0x00000000   Number         0  rt_raise.o ABSOLUTE
    ../clib/angel/scatter.s                  0x00000000   Number         0  __scatter.o ABSOLUTE
    ../clib/angel/startup.s                  0x00000000   Number         0  __main.o ABSOLUTE
    ../clib/angel/sys.s                      0x00000000   Number         0  libspace.o ABSOLUTE
    ../clib/angel/sys.s                      0x00000000   Number         0  sys_stackheap_outer.o ABSOLUTE
    ../clib/angel/sys.s                      0x00000000   Number         0  use_no_semi.o ABSOLUTE
    ../clib/angel/sys.s                      0x00000000   Number         0  indicate_semi.o ABSOLUTE
    ../clib/angel/sysapp.c                   0x00000000   Number         0  sys_command.o ABSOLUTE
    ../clib/angel/sysapp.c                   0x00000000   Number         0  sys_exit.o ABSOLUTE
    ../clib/angel/sysapp.c                   0x00000000   Number         0  sys_command_hlt.o ABSOLUTE
    ../clib/angel/sysapp.c                   0x00000000   Number         0  sys_exit_hlt.o ABSOLUTE
    ../clib/angel/sysapp.c                   0x00000000   Number         0  sys_wrch.o ABSOLUTE
    ../clib/angel/sysapp.c                   0x00000000   Number         0  sys_wrch_hlt.o ABSOLUTE
    ../clib/armsys.c                         0x00000000   Number         0  argv_veneer.o ABSOLUTE
    ../clib/armsys.c                         0x00000000   Number         0  argv_veneer.o ABSOLUTE
    ../clib/armsys.c                         0x00000000   Number         0  _get_argv_nomalloc.o ABSOLUTE
    ../clib/armsys.c                         0x00000000   Number         0  no_argv.o ABSOLUTE
    ../clib/heapalloc.c                      0x00000000   Number         0  hrguard.o ABSOLUTE
    ../clib/heapaux.c                        0x00000000   Number         0  heapauxi.o ABSOLUTE
    ../clib/libinit.s                        0x00000000   Number         0  libinit.o ABSOLUTE
    ../clib/libinit.s                        0x00000000   Number         0  libinit2.o ABSOLUTE
    ../clib/libinit.s                        0x00000000   Number         0  libshutdown.o ABSOLUTE
    ../clib/libinit.s                        0x00000000   Number         0  libshutdown2.o ABSOLUTE
    ../clib/locale.s                         0x00000000   Number         0  lc_ctype_c.o ABSOLUTE
    ../clib/memcpset.s                       0x00000000   Number         0  strcmpv7em.o ABSOLUTE
    ../clib/printf.c                         0x00000000   Number         0  __2sprintf.o ABSOLUTE
    ../clib/printf.c                         0x00000000   Number         0  noretval__2sprintf.o ABSOLUTE
    ../clib/printf.c                         0x00000000   Number         0  __printf.o ABSOLUTE
    ../clib/printf.c                         0x00000000   Number         0  _printf_dec.o ABSOLUTE
    ../clib/printf.c                         0x00000000   Number         0  __printf_flags.o ABSOLUTE
    ../clib/printf.c                         0x00000000   Number         0  __printf_ss.o ABSOLUTE
    ../clib/printf.c                         0x00000000   Number         0  __printf_flags_ss.o ABSOLUTE
    ../clib/printf.c                         0x00000000   Number         0  __printf_wp.o ABSOLUTE
    ../clib/printf.c                         0x00000000   Number         0  __printf_flags_wp.o ABSOLUTE
    ../clib/printf.c                         0x00000000   Number         0  __printf_ss_wp.o ABSOLUTE
    ../clib/printf.c                         0x00000000   Number         0  __printf_flags_ss_wp.o ABSOLUTE
    ../clib/printf.c                         0x00000000   Number         0  _printf_intcommon.o ABSOLUTE
    ../clib/printf.c                         0x00000000   Number         0  _printf_char_common.o ABSOLUTE
    ../clib/printf.c                         0x00000000   Number         0  _sputc.o ABSOLUTE
    ../clib/printf.c                         0x00000000   Number         0  __printf_nopercent.o ABSOLUTE
    ../clib/printf_percent.s                 0x00000000   Number         0  _printf_d.o ABSOLUTE
    ../clib/printf_percent.s                 0x00000000   Number         0  _printf_percent.o ABSOLUTE
    ../clib/printf_percent.s                 0x00000000   Number         0  _printf_percent_end.o ABSOLUTE
    ../clib/scanf.c                          0x00000000   Number         0  strtol.o ABSOLUTE
    ../clib/scanf.c                          0x00000000   Number         0  _strtoul.o ABSOLUTE
    ../clib/scanf.c                          0x00000000   Number         0  _chval.o ABSOLUTE
    ../clib/signal.c                         0x00000000   Number         0  defsig_rtmem_outer.o ABSOLUTE
    ../clib/signal.c                         0x00000000   Number         0  defsig_rtmem_formal.o ABSOLUTE
    ../clib/signal.c                         0x00000000   Number         0  defsig_exit.o ABSOLUTE
    ../clib/signal.c                         0x00000000   Number         0  defsig_rtmem_inner.o ABSOLUTE
    ../clib/signal.c                         0x00000000   Number         0  __raise.o ABSOLUTE
    ../clib/signal.c                         0x00000000   Number         0  defsig_general.o ABSOLUTE
    ../clib/signal.c                         0x00000000   Number         0  defsig_abrt_inner.o ABSOLUTE
    ../clib/signal.c                         0x00000000   Number         0  defsig_fpe_inner.o ABSOLUTE
    ../clib/signal.c                         0x00000000   Number         0  defsig_rtred_inner.o ABSOLUTE
    ../clib/signal.c                         0x00000000   Number         0  defsig_stak_inner.o ABSOLUTE
    ../clib/signal.c                         0x00000000   Number         0  defsig_pvfn_inner.o ABSOLUTE
    ../clib/signal.c                         0x00000000   Number         0  defsig_cppl_inner.o ABSOLUTE
    ../clib/signal.c                         0x00000000   Number         0  defsig_segv_inner.o ABSOLUTE
    ../clib/signal.c                         0x00000000   Number         0  defsig_other.o ABSOLUTE
    ../clib/signal.s                         0x00000000   Number         0  defsig.o ABSOLUTE
    ../clib/stdlib.c                         0x00000000   Number         0  exit.o ABSOLUTE
    ../fplib/dcmp.s                          0x00000000   Number         0  dcmp.o ABSOLUTE
    ../fplib/dcmpi.s                         0x00000000   Number         0  dcmpi.o ABSOLUTE
    ../fplib/deqf.s                          0x00000000   Number         0  deqf.o ABSOLUTE
    ../fplib/dflt.s                          0x00000000   Number         0  dflt_clz.o ABSOLUTE
    ../fplib/dgeqf.s                         0x00000000   Number         0  dgeqf.o ABSOLUTE
    ../fplib/dleqf.s                         0x00000000   Number         0  dleqf.o ABSOLUTE
    ../fplib/dnaninf.s                       0x00000000   Number         0  dnaninf.o ABSOLUTE
    ../fplib/fpinit.s                        0x00000000   Number         0  fpinit.o ABSOLUTE
    ../fplib/usenofp.s                       0x00000000   Number         0  usenofp.o ABSOLUTE
    controller.c                             0x00000000   Number         0  controller.o ABSOLUTE
    dc.s                                     0x00000000   Number         0  dc.o ABSOLUTE
    gpio.c                                   0x00000000   Number         0  gpio.o ABSOLUTE
    keyboard.c                               0x00000000   Number         0  keyboard.o ABSOLUTE
    lcd.c                                    0x00000000   Number         0  lcd.o ABSOLUTE
    ledBlinking.c                            0x00000000   Number         0  ledblinking.o ABSOLUTE
    leds.c                                   0x00000000   Number         0  leds.o ABSOLUTE
    main.c                                   0x00000000   Number         0  main.o ABSOLUTE
    motor.c                                  0x00000000   Number         0  motor.o ABSOLUTE
    startup.s                                0x00000000   Number         0  startup.o ABSOLUTE
    timer.c                                  0x00000000   Number         0  timer.o ABSOLUTE
    utils.s                                  0x00000000   Number         0  utils.o ABSOLUTE
    RESET                                    0x00000000   Section      560  startup.o(RESET)
    $v0                                      0x00000208   Number         0  startup.o(RESET)
    !!!main                                  0x00000230   Section        8  __main.o(!!!main)
    !!!scatter                               0x00000238   Section       92  __scatter.o(!!!scatter)
    !!handler_copy                           0x00000294   Section       26  __scatter_copy.o(!!handler_copy)
    !!handler_null                           0x000002b0   Section        2  __scatter.o(!!handler_null)
    !!handler_zi                             0x000002b4   Section       28  __scatter_zi.o(!!handler_zi)
    .ARM.Collect$$_printf_percent$$00000000  0x000002d0   Section        0  _printf_percent.o(.ARM.Collect$$_printf_percent$$00000000)
    .ARM.Collect$$_printf_percent$$00000009  0x000002d0   Section        6  _printf_d.o(.ARM.Collect$$_printf_percent$$00000009)
    .ARM.Collect$$_printf_percent$$00000017  0x000002d6   Section        4  _printf_percent_end.o(.ARM.Collect$$_printf_percent$$00000017)
    .ARM.Collect$$libinit$$00000000          0x000002da   Section        2  libinit.o(.ARM.Collect$$libinit$$00000000)
    .ARM.Collect$$libinit$$00000001          0x000002dc   Section        4  libinit2.o(.ARM.Collect$$libinit$$00000001)
    .ARM.Collect$$libinit$$00000004          0x000002e0   Section        0  libinit2.o(.ARM.Collect$$libinit$$00000004)
    .ARM.Collect$$libinit$$00000006          0x000002e0   Section        0  libinit2.o(.ARM.Collect$$libinit$$00000006)
    .ARM.Collect$$libinit$$0000000C          0x000002e0   Section        0  libinit2.o(.ARM.Collect$$libinit$$0000000C)
    .ARM.Collect$$libinit$$0000000E          0x000002e0   Section        0  libinit2.o(.ARM.Collect$$libinit$$0000000E)
    .ARM.Collect$$libinit$$00000010          0x000002e0   Section        0  libinit2.o(.ARM.Collect$$libinit$$00000010)
    .ARM.Collect$$libinit$$00000011          0x000002e0   Section        6  libinit2.o(.ARM.Collect$$libinit$$00000011)
    .ARM.Collect$$libinit$$00000013          0x000002e6   Section        0  libinit2.o(.ARM.Collect$$libinit$$00000013)
    .ARM.Collect$$libinit$$00000014          0x000002e6   Section       12  libinit2.o(.ARM.Collect$$libinit$$00000014)
    .ARM.Collect$$libinit$$00000015          0x000002f2   Section        0  libinit2.o(.ARM.Collect$$libinit$$00000015)
    .ARM.Collect$$libinit$$00000017          0x000002f2   Section        0  libinit2.o(.ARM.Collect$$libinit$$00000017)
    .ARM.Collect$$libinit$$00000019          0x000002f2   Section        0  libinit2.o(.ARM.Collect$$libinit$$00000019)
    .ARM.Collect$$libinit$$0000001B          0x000002f2   Section        0  libinit2.o(.ARM.Collect$$libinit$$0000001B)
    .ARM.Collect$$libinit$$0000001D          0x000002f2   Section        0  libinit2.o(.ARM.Collect$$libinit$$0000001D)
    .ARM.Collect$$libinit$$0000001F          0x000002f2   Section        0  libinit2.o(.ARM.Collect$$libinit$$0000001F)
    .ARM.Collect$$libinit$$00000021          0x000002f2   Section        0  libinit2.o(.ARM.Collect$$libinit$$00000021)
    .ARM.Collect$$libinit$$00000023          0x000002f2   Section        0  libinit2.o(.ARM.Collect$$libinit$$00000023)
    .ARM.Collect$$libinit$$00000025          0x000002f2   Section        0  libinit2.o(.ARM.Collect$$libinit$$00000025)
    .ARM.Collect$$libinit$$00000027          0x000002f2   Section        0  libinit2.o(.ARM.Collect$$libinit$$00000027)
    .ARM.Collect$$libinit$$0000002E          0x000002f2   Section        0  libinit2.o(.ARM.Collect$$libinit$$0000002E)
    .ARM.Collect$$libinit$$00000030          0x000002f2   Section        0  libinit2.o(.ARM.Collect$$libinit$$00000030)
    .ARM.Collect$$libinit$$00000032          0x000002f2   Section        0  libinit2.o(.ARM.Collect$$libinit$$00000032)
    .ARM.Collect$$libinit$$00000034          0x000002f2   Section        0  libinit2.o(.ARM.Collect$$libinit$$00000034)
    .ARM.Collect$$libinit$$00000035          0x000002f2   Section        2  libinit2.o(.ARM.Collect$$libinit$$00000035)
    .ARM.Collect$$libshutdown$$00000000      0x000002f4   Section        2  libshutdown.o(.ARM.Collect$$libshutdown$$00000000)
    .ARM.Collect$$libshutdown$$00000002      0x000002f6   Section        0  libshutdown2.o(.ARM.Collect$$libshutdown$$00000002)
    .ARM.Collect$$libshutdown$$00000004      0x000002f6   Section        0  libshutdown2.o(.ARM.Collect$$libshutdown$$00000004)
    .ARM.Collect$$libshutdown$$00000007      0x000002f6   Section        0  libshutdown2.o(.ARM.Collect$$libshutdown$$00000007)
    .ARM.Collect$$libshutdown$$0000000A      0x000002f6   Section        0  libshutdown2.o(.ARM.Collect$$libshutdown$$0000000A)
    .ARM.Collect$$libshutdown$$0000000C      0x000002f6   Section        0  libshutdown2.o(.ARM.Collect$$libshutdown$$0000000C)
    .ARM.Collect$$libshutdown$$0000000F      0x000002f6   Section        0  libshutdown2.o(.ARM.Collect$$libshutdown$$0000000F)
    .ARM.Collect$$libshutdown$$00000010      0x000002f6   Section        2  libshutdown2.o(.ARM.Collect$$libshutdown$$00000010)
    .ARM.Collect$$rtentry$$00000000          0x000002f8   Section        0  __rtentry.o(.ARM.Collect$$rtentry$$00000000)
    .ARM.Collect$$rtentry$$00000002          0x000002f8   Section        0  __rtentry2.o(.ARM.Collect$$rtentry$$00000002)
    .ARM.Collect$$rtentry$$00000004          0x000002f8   Section        6  __rtentry4.o(.ARM.Collect$$rtentry$$00000004)
    .ARM.Collect$$rtentry$$00000009          0x000002fe   Section        0  __rtentry2.o(.ARM.Collect$$rtentry$$00000009)
    .ARM.Collect$$rtentry$$0000000A          0x000002fe   Section        4  __rtentry2.o(.ARM.Collect$$rtentry$$0000000A)
    .ARM.Collect$$rtentry$$0000000C          0x00000302   Section        0  __rtentry2.o(.ARM.Collect$$rtentry$$0000000C)
    .ARM.Collect$$rtentry$$0000000D          0x00000302   Section        8  __rtentry2.o(.ARM.Collect$$rtentry$$0000000D)
    .ARM.Collect$$rtexit$$00000000           0x0000030a   Section        2  rtexit.o(.ARM.Collect$$rtexit$$00000000)
    .ARM.Collect$$rtexit$$00000002           0x0000030c   Section        0  rtexit2.o(.ARM.Collect$$rtexit$$00000002)
    .ARM.Collect$$rtexit$$00000003           0x0000030c   Section        4  rtexit2.o(.ARM.Collect$$rtexit$$00000003)
    .ARM.Collect$$rtexit$$00000004           0x00000310   Section        6  rtexit2.o(.ARM.Collect$$rtexit$$00000004)
    $v0                                      0x00000318   Number         0  utils.o(.text)
    .text                                    0x00000318   Section      484  utils.o(.text)
    $v0                                      0x000004fc   Number         0  startup.o(.text)
    .text                                    0x000004fc   Section       48  startup.o(.text)
    .text                                    0x0000052c   Section        0  noretval__2sprintf.o(.text)
    .text                                    0x00000554   Section        0  __printf.o(.text)
    .text                                    0x000005bc   Section        0  _printf_dec.o(.text)
    .text                                    0x00000634   Section        0  strtol.o(.text)
    .text                                    0x000006a4   Section        0  heapauxi.o(.text)
    .text                                    0x000006ac   Section       16  rt_ctype_table.o(.text)
    .text                                    0x000006bc   Section        8  rt_errno_addr_intlibspace.o(.text)
    .text                                    0x000006c4   Section        0  _printf_intcommon.o(.text)
    _printf_input_char                       0x00000779   Thumb Code    10  _printf_char_common.o(.text)
    .text                                    0x00000778   Section        0  _printf_char_common.o(.text)
    .text                                    0x000007a8   Section        0  _sputc.o(.text)
    .text                                    0x000007b2   Section        0  _strtoul.o(.text)
    .text                                    0x00000850   Section        8  libspace.o(.text)
    .text                                    0x00000858   Section        8  rt_locale_intlibspace.o(.text)
    .text                                    0x00000860   Section        0  _chval.o(.text)
    .text                                    0x0000087c   Section       74  sys_stackheap_outer.o(.text)
    .text                                    0x000008c6   Section        0  exit.o(.text)
    .text                                    0x000008d8   Section      124  strcmpv7em.o(.text)
    .text                                    0x00000954   Section        0  sys_exit.o(.text)
    .text                                    0x00000960   Section        2  use_no_semi.o(.text)
    .text                                    0x00000962   Section        0  indicate_semi.o(.text)
    [Anonymous Symbol]                       0x00000964   Section        0  gpio.o(.text.GPIO_Init)
    [Anonymous Symbol]                       0x00000a6c   Section        0  controller.o(.text.GetInitialInformation)
    [Anonymous Symbol]                       0x00000b7c   Section        0  keyboard.o(.text.GetKey)
    [Anonymous Symbol]                       0x00000bfc   Section        0  lcd.o(.text.LCD_Init)
    [Anonymous Symbol]                       0x00000d4c   Section        0  motor.o(.text.MoveMotor)
    [Anonymous Symbol]                       0x00000e68   Section        0  gpio.o(.text.PortA_Output)
    [Anonymous Symbol]                       0x00000e74   Section        0  gpio.o(.text.PortH_Output)
    [Anonymous Symbol]                       0x00000e80   Section        0  gpio.o(.text.PortK_Output)
    [Anonymous Symbol]                       0x00000e8c   Section        0  gpio.o(.text.PortM_Output_LCD)
    [Anonymous Symbol]                       0x00000ea0   Section        0  gpio.o(.text.PortN_Output)
    [Anonymous Symbol]                       0x00000eac   Section        0  gpio.o(.text.PortP_Output)
    [Anonymous Symbol]                       0x00000eb8   Section        0  gpio.o(.text.PortQ_Output)
    [Anonymous Symbol]                       0x00000ec4   Section        0  controller.o(.text.ResetInformation)
    [Anonymous Symbol]                       0x00000ed0   Section        0  gpio.o(.text.Return_PortA)
    [Anonymous Symbol]                       0x00000edc   Section        0  gpio.o(.text.Return_PortL)
    [Anonymous Symbol]                       0x00000ee8   Section        0  gpio.o(.text.Return_PortM)
    [Anonymous Symbol]                       0x00000ef4   Section        0  gpio.o(.text.Return_PortN)
    [Anonymous Symbol]                       0x00000f00   Section        0  gpio.o(.text.Return_PortP)
    [Anonymous Symbol]                       0x00000f0c   Section        0  gpio.o(.text.Return_PortQ)
    [Anonymous Symbol]                       0x00000f18   Section        0  gpio.o(.text.SetOneExitM)
    [Anonymous Symbol]                       0x00000f60   Section        0  controller.o(.text.ShowStatus)
    [Anonymous Symbol]                       0x0000102c   Section        0  lcd.o(.text.SkipLine)
    [Anonymous Symbol]                       0x00001064   Section        0  timer.o(.text.Timer2A_Handler)
    [Anonymous Symbol]                       0x00001090   Section        0  lcd.o(.text.WriteLetter_LCD)
    [Anonymous Symbol]                       0x000010f8   Section        0  lcd.o(.text.WriteWord_LCD)
    [Anonymous Symbol]                       0x00001118   Section        0  lcd.o(.text.clearDisplay)
    [Anonymous Symbol]                       0x0000115c   Section        0  leds.o(.text.enable_leds)
    [Anonymous Symbol]                       0x00001170   Section        0  timer.o(.text.init_timer)
    [Anonymous Symbol]                       0x000011d8   Section        0  ledblinking.o(.text.invertLED)
    [Anonymous Symbol]                       0x000011ec   Section        0  main.o(.text.main)
    [Anonymous Symbol]                       0x00001280   Section        0  timer.o(.text.start_counting)
    [Anonymous Symbol]                       0x000012a0   Section        0  timer.o(.text.stop_counting)
    [Anonymous Symbol]                       0x000012b0   Section        0  ledblinking.o(.text.turnOffLED)
    [Anonymous Symbol]                       0x000012c0   Section        0  leds.o(.text.turn_off_all)
    [Anonymous Symbol]                       0x000012e4   Section        0  leds.o(.text.turn_on_int)
    locale$$code                             0x00001378   Section       44  lc_ctype_c.o(locale$$code)
    $v0                                      0x000013a4   Number         0  fpinit.o(x$fpl$fpinit)
    x$fpl$fpinit                             0x000013a4   Section       26  fpinit.o(x$fpl$fpinit)
    .L__const.Move15degrees.steps            0x000013be   Data           9  motor.o(.rodata..L__const.Move15degrees.steps)
    locale$$data                             0x000013e8   Section      272  lc_ctype_c.o(locale$$data)
    __lcctype_c_name                         0x000013ec   Data           2  lc_ctype_c.o(locale$$data)
    __lcctype_c_start                        0x000013f4   Data           0  lc_ctype_c.o(locale$$data)
    __lcctype_c_end                          0x000014f8   Data           0  lc_ctype_c.o(locale$$data)
    .bss                                     0x20000010   Section       96  libspace.o(.bss)
    HeapMem                                  0x20000078   Data           0  startup.o(HEAP)
    StackMem                                 0x20000078   Data           0  startup.o(STACK)
    HEAP                                     0x20000078   Section        0  startup.o(HEAP)
    STACK                                    0x20000078   Section     1024  startup.o(STACK)

    Global Symbols

    Symbol Name                              Value     Ov Type        Size  Object(Section)

    BuildAttributes$$THM_ISAv4$E$P$D$K$B$S$7EM$VFPi3$EXTD16$VFPS$VFMA$PE$A:L22UL41UL21$X:L11$S22US41US21$IEEE1$IW$~IW$USESV6$~STKCKD$USESV7$~SHL$OTIME$ROPI$EBA8$UX$STANDARDLIB$REQ8$PRES8$EABIv2 0x00000000   Number         0  anon$$obj.o ABSOLUTE
    __Vectors                                0x00000000   Data           0  startup.o(RESET)
    __ARM_exceptions_init                     - Undefined Weak Reference
    __alloca_initialize                       - Undefined Weak Reference
    __arm_preinit_                            - Undefined Weak Reference
    __arm_relocate_pie_                       - Undefined Weak Reference
    __cpp_initialize__aeabi_                  - Undefined Weak Reference
    __cxa_finalize                            - Undefined Weak Reference
    __sigvec_lookup                           - Undefined Weak Reference
    _atexit_init                              - Undefined Weak Reference
    _call_atexit_fns                          - Undefined Weak Reference
    _clock_init                               - Undefined Weak Reference
    _fp_trap_init                             - Undefined Weak Reference
    _fp_trap_shutdown                         - Undefined Weak Reference
    _get_lc_collate                           - Undefined Weak Reference
    _get_lc_monetary                          - Undefined Weak Reference
    _get_lc_numeric                           - Undefined Weak Reference
    _get_lc_time                              - Undefined Weak Reference
    _getenv_init                              - Undefined Weak Reference
    _handle_redirection                       - Undefined Weak Reference
    _init_alloc                               - Undefined Weak Reference
    _init_user_alloc                          - Undefined Weak Reference
    _initio                                   - Undefined Weak Reference
    _printf_post_padding                      - Undefined Weak Reference
    _printf_pre_padding                       - Undefined Weak Reference
    _printf_truncate_signed                   - Undefined Weak Reference
    _printf_truncate_unsigned                 - Undefined Weak Reference
    _rand_init                                - Undefined Weak Reference
    _signal_finish                            - Undefined Weak Reference
    _signal_init                              - Undefined Weak Reference
    _terminate_alloc                          - Undefined Weak Reference
    _terminate_user_alloc                     - Undefined Weak Reference
    _terminateio                              - Undefined Weak Reference
    Reset_Handler                            0x00000209   Thumb Code     0  startup.o(RESET)
    NMI_Handler                              0x0000021d   Thumb Code     2  startup.o(RESET)
    HardFault_Handler                        0x0000021f   Thumb Code     2  startup.o(RESET)
    MemManage_Handler                        0x00000221   Thumb Code     2  startup.o(RESET)
    BusFault_Handler                         0x00000223   Thumb Code     2  startup.o(RESET)
    UsageFault_Handler                       0x00000225   Thumb Code     2  startup.o(RESET)
    SVC_Handler                              0x00000227   Thumb Code     2  startup.o(RESET)
    DebugMon_Handler                         0x00000229   Thumb Code     2  startup.o(RESET)
    PendSV_Handler                           0x0000022b   Thumb Code     2  startup.o(RESET)
    SysTick_Handler                          0x0000022d   Thumb Code     2  startup.o(RESET)
    ADC0Seq0_Handler                         0x0000022f   Thumb Code     0  startup.o(RESET)
    ADC0Seq1_Handler                         0x0000022f   Thumb Code     0  startup.o(RESET)
    ADC0Seq2_Handler                         0x0000022f   Thumb Code     0  startup.o(RESET)
    ADC0Seq3_Handler                         0x0000022f   Thumb Code     0  startup.o(RESET)
    ADC1Seq0_Handler                         0x0000022f   Thumb Code     0  startup.o(RESET)
    ADC1Seq1_Handler                         0x0000022f   Thumb Code     0  startup.o(RESET)
    ADC1Seq2_Handler                         0x0000022f   Thumb Code     0  startup.o(RESET)
    ADC1Seq3_Handler                         0x0000022f   Thumb Code     0  startup.o(RESET)
    CAN0_Handler                             0x0000022f   Thumb Code     0  startup.o(RESET)
    CAN1_Handler                             0x0000022f   Thumb Code     0  startup.o(RESET)
    Comp0_Handler                            0x0000022f   Thumb Code     0  startup.o(RESET)
    Comp1_Handler                            0x0000022f   Thumb Code     0  startup.o(RESET)
    Comp2_Handler                            0x0000022f   Thumb Code     0  startup.o(RESET)
    Ethernet_Handler                         0x0000022f   Thumb Code     0  startup.o(RESET)
    ExtBus_Handler                           0x0000022f   Thumb Code     0  startup.o(RESET)
    FPU_Handler                              0x0000022f   Thumb Code     0  startup.o(RESET)
    FlashCtl_Handler                         0x0000022f   Thumb Code     0  startup.o(RESET)
    GPIOPortA_Handler                        0x0000022f   Thumb Code     0  startup.o(RESET)
    GPIOPortB_Handler                        0x0000022f   Thumb Code     0  startup.o(RESET)
    GPIOPortC_Handler                        0x0000022f   Thumb Code     0  startup.o(RESET)
    GPIOPortD_Handler                        0x0000022f   Thumb Code     0  startup.o(RESET)
    GPIOPortE_Handler                        0x0000022f   Thumb Code     0  startup.o(RESET)
    GPIOPortF_Handler                        0x0000022f   Thumb Code     0  startup.o(RESET)
    GPIOPortG_Handler                        0x0000022f   Thumb Code     0  startup.o(RESET)
    GPIOPortH_Handler                        0x0000022f   Thumb Code     0  startup.o(RESET)
    GPIOPortJ_Handler                        0x0000022f   Thumb Code     0  startup.o(RESET)
    GPIOPortK_Handler                        0x0000022f   Thumb Code     0  startup.o(RESET)
    GPIOPortL_Handler                        0x0000022f   Thumb Code     0  startup.o(RESET)
    GPIOPortM_Handler                        0x0000022f   Thumb Code     0  startup.o(RESET)
    GPIOPortN_Handler                        0x0000022f   Thumb Code     0  startup.o(RESET)
    GPIOPortP1_Handler                       0x0000022f   Thumb Code     0  startup.o(RESET)
    GPIOPortP2_Handler                       0x0000022f   Thumb Code     0  startup.o(RESET)
    GPIOPortP3_Handler                       0x0000022f   Thumb Code     0  startup.o(RESET)
    GPIOPortP4_Handler                       0x0000022f   Thumb Code     0  startup.o(RESET)
    GPIOPortP5_Handler                       0x0000022f   Thumb Code     0  startup.o(RESET)
    GPIOPortP6_Handler                       0x0000022f   Thumb Code     0  startup.o(RESET)
    GPIOPortP7_Handler                       0x0000022f   Thumb Code     0  startup.o(RESET)
    GPIOPortP_Handler                        0x0000022f   Thumb Code     0  startup.o(RESET)
    GPIOPortQ1_Handler                       0x0000022f   Thumb Code     0  startup.o(RESET)
    GPIOPortQ2_Handler                       0x0000022f   Thumb Code     0  startup.o(RESET)
    GPIOPortQ3_Handler                       0x0000022f   Thumb Code     0  startup.o(RESET)
    GPIOPortQ4_Handler                       0x0000022f   Thumb Code     0  startup.o(RESET)
    GPIOPortQ5_Handler                       0x0000022f   Thumb Code     0  startup.o(RESET)
    GPIOPortQ6_Handler                       0x0000022f   Thumb Code     0  startup.o(RESET)
    GPIOPortQ7_Handler                       0x0000022f   Thumb Code     0  startup.o(RESET)
    GPIOPortQ_Handler                        0x0000022f   Thumb Code     0  startup.o(RESET)
    Hibernate_Handler                        0x0000022f   Thumb Code     0  startup.o(RESET)
    I2C0_Handler                             0x0000022f   Thumb Code     0  startup.o(RESET)
    I2C1_Handler                             0x0000022f   Thumb Code     0  startup.o(RESET)
    I2C2_Handler                             0x0000022f   Thumb Code     0  startup.o(RESET)
    I2C3_Handler                             0x0000022f   Thumb Code     0  startup.o(RESET)
    I2C4_Handler                             0x0000022f   Thumb Code     0  startup.o(RESET)
    I2C5_Handler                             0x0000022f   Thumb Code     0  startup.o(RESET)
    I2C6_Handler                             0x0000022f   Thumb Code     0  startup.o(RESET)
    I2C7_Handler                             0x0000022f   Thumb Code     0  startup.o(RESET)
    I2C8_Handler                             0x0000022f   Thumb Code     0  startup.o(RESET)
    I2C9_Handler                             0x0000022f   Thumb Code     0  startup.o(RESET)
    PWM0Fault_Handler                        0x0000022f   Thumb Code     0  startup.o(RESET)
    PWM0Generator0_Handler                   0x0000022f   Thumb Code     0  startup.o(RESET)
    PWM0Generator1_Handler                   0x0000022f   Thumb Code     0  startup.o(RESET)
    PWM0Generator2_Handler                   0x0000022f   Thumb Code     0  startup.o(RESET)
    PWM0Generator3_Handler                   0x0000022f   Thumb Code     0  startup.o(RESET)
    Quadrature0_Handler                      0x0000022f   Thumb Code     0  startup.o(RESET)
    SSI0_Handler                             0x0000022f   Thumb Code     0  startup.o(RESET)
    SSI1_Handler                             0x0000022f   Thumb Code     0  startup.o(RESET)
    SSI2_Handler                             0x0000022f   Thumb Code     0  startup.o(RESET)
    SSI3_Handler                             0x0000022f   Thumb Code     0  startup.o(RESET)
    SysCtl_Handler                           0x0000022f   Thumb Code     0  startup.o(RESET)
    Tamper_Handler                           0x0000022f   Thumb Code     0  startup.o(RESET)
    Timer0A_Handler                          0x0000022f   Thumb Code     0  startup.o(RESET)
    Timer0B_Handler                          0x0000022f   Thumb Code     0  startup.o(RESET)
    Timer1A_Handler                          0x0000022f   Thumb Code     0  startup.o(RESET)
    Timer1B_Handler                          0x0000022f   Thumb Code     0  startup.o(RESET)
    Timer2B_Handler                          0x0000022f   Thumb Code     0  startup.o(RESET)
    Timer3A_Handler                          0x0000022f   Thumb Code     0  startup.o(RESET)
    Timer3B_Handler                          0x0000022f   Thumb Code     0  startup.o(RESET)
    Timer4A_Handler                          0x0000022f   Thumb Code     0  startup.o(RESET)
    Timer4B_Handler                          0x0000022f   Thumb Code     0  startup.o(RESET)
    Timer5A_Handler                          0x0000022f   Thumb Code     0  startup.o(RESET)
    Timer5B_Handler                          0x0000022f   Thumb Code     0  startup.o(RESET)
    Timer6A_Handler                          0x0000022f   Thumb Code     0  startup.o(RESET)
    Timer6B_Handler                          0x0000022f   Thumb Code     0  startup.o(RESET)
    Timer7A_Handler                          0x0000022f   Thumb Code     0  startup.o(RESET)
    Timer7B_Handler                          0x0000022f   Thumb Code     0  startup.o(RESET)
    UART0_Handler                            0x0000022f   Thumb Code     0  startup.o(RESET)
    UART1_Handler                            0x0000022f   Thumb Code     0  startup.o(RESET)
    UART2_Handler                            0x0000022f   Thumb Code     0  startup.o(RESET)
    UART3_Handler                            0x0000022f   Thumb Code     0  startup.o(RESET)
    UART4_Handler                            0x0000022f   Thumb Code     0  startup.o(RESET)
    UART5_Handler                            0x0000022f   Thumb Code     0  startup.o(RESET)
    UART6_Handler                            0x0000022f   Thumb Code     0  startup.o(RESET)
    UART7_Handler                            0x0000022f   Thumb Code     0  startup.o(RESET)
    USB0_Handler                             0x0000022f   Thumb Code     0  startup.o(RESET)
    WDT_Handler                              0x0000022f   Thumb Code     0  startup.o(RESET)
    uDMA_Error                               0x0000022f   Thumb Code     0  startup.o(RESET)
    uDMA_Handler                             0x0000022f   Thumb Code     0  startup.o(RESET)
    __main                                   0x00000231   Thumb Code     8  __main.o(!!!main)
    __scatterload                            0x00000239   Thumb Code     0  __scatter.o(!!!scatter)
    __scatterload_rt2                        0x00000239   Thumb Code    84  __scatter.o(!!!scatter)
    __scatterload_rt2_thumb_only             0x00000239   Thumb Code     0  __scatter.o(!!!scatter)
    __scatterload_loop                       0x00000243   Thumb Code     0  __scatter.o(!!!scatter)
    __scatterload_copy                       0x00000295   Thumb Code    26  __scatter_copy.o(!!handler_copy)
    __scatterload_null                       0x000002b1   Thumb Code     2  __scatter.o(!!handler_null)
    __scatterload_zeroinit                   0x000002b5   Thumb Code    28  __scatter_zi.o(!!handler_zi)
    _printf_d                                0x000002d1   Thumb Code     0  _printf_d.o(.ARM.Collect$$_printf_percent$$00000009)
    _printf_percent                          0x000002d1   Thumb Code     0  _printf_percent.o(.ARM.Collect$$_printf_percent$$00000000)
    _printf_percent_end                      0x000002d7   Thumb Code     0  _printf_percent_end.o(.ARM.Collect$$_printf_percent$$00000017)
    __rt_lib_init                            0x000002db   Thumb Code     0  libinit.o(.ARM.Collect$$libinit$$00000000)
    __rt_lib_init_fp_1                       0x000002dd   Thumb Code     0  libinit2.o(.ARM.Collect$$libinit$$00000001)
    __rt_lib_init_heap_1                     0x000002e1   Thumb Code     0  libinit2.o(.ARM.Collect$$libinit$$0000000C)
    __rt_lib_init_lc_common                  0x000002e1   Thumb Code     0  libinit2.o(.ARM.Collect$$libinit$$00000011)
    __rt_lib_init_preinit_1                  0x000002e1   Thumb Code     0  libinit2.o(.ARM.Collect$$libinit$$00000006)
    __rt_lib_init_rand_1                     0x000002e1   Thumb Code     0  libinit2.o(.ARM.Collect$$libinit$$00000010)
    __rt_lib_init_relocate_pie_1             0x000002e1   Thumb Code     0  libinit2.o(.ARM.Collect$$libinit$$00000004)
    __rt_lib_init_user_alloc_1               0x000002e1   Thumb Code     0  libinit2.o(.ARM.Collect$$libinit$$0000000E)
    __rt_lib_init_lc_collate_1               0x000002e7   Thumb Code     0  libinit2.o(.ARM.Collect$$libinit$$00000013)
    __rt_lib_init_lc_ctype_2                 0x000002e7   Thumb Code     0  libinit2.o(.ARM.Collect$$libinit$$00000014)
    __rt_lib_init_alloca_1                   0x000002f3   Thumb Code     0  libinit2.o(.ARM.Collect$$libinit$$00000030)
    __rt_lib_init_argv_1                     0x000002f3   Thumb Code     0  libinit2.o(.ARM.Collect$$libinit$$0000002E)
    __rt_lib_init_atexit_1                   0x000002f3   Thumb Code     0  libinit2.o(.ARM.Collect$$libinit$$0000001D)
    __rt_lib_init_clock_1                    0x000002f3   Thumb Code     0  libinit2.o(.ARM.Collect$$libinit$$00000023)
    __rt_lib_init_cpp_1                      0x000002f3   Thumb Code     0  libinit2.o(.ARM.Collect$$libinit$$00000034)
    __rt_lib_init_exceptions_1               0x000002f3   Thumb Code     0  libinit2.o(.ARM.Collect$$libinit$$00000032)
    __rt_lib_init_fp_trap_1                  0x000002f3   Thumb Code     0  libinit2.o(.ARM.Collect$$libinit$$00000021)
    __rt_lib_init_getenv_1                   0x000002f3   Thumb Code     0  libinit2.o(.ARM.Collect$$libinit$$00000025)
    __rt_lib_init_lc_ctype_1                 0x000002f3   Thumb Code     0  libinit2.o(.ARM.Collect$$libinit$$00000015)
    __rt_lib_init_lc_monetary_1              0x000002f3   Thumb Code     0  libinit2.o(.ARM.Collect$$libinit$$00000017)
    __rt_lib_init_lc_numeric_1               0x000002f3   Thumb Code     0  libinit2.o(.ARM.Collect$$libinit$$00000019)
    __rt_lib_init_lc_time_1                  0x000002f3   Thumb Code     0  libinit2.o(.ARM.Collect$$libinit$$0000001B)
    __rt_lib_init_return                     0x000002f3   Thumb Code     0  libinit2.o(.ARM.Collect$$libinit$$00000035)
    __rt_lib_init_signal_1                   0x000002f3   Thumb Code     0  libinit2.o(.ARM.Collect$$libinit$$0000001F)
    __rt_lib_init_stdio_1                    0x000002f3   Thumb Code     0  libinit2.o(.ARM.Collect$$libinit$$00000027)
    __rt_lib_shutdown                        0x000002f5   Thumb Code     0  libshutdown.o(.ARM.Collect$$libshutdown$$00000000)
    __rt_lib_shutdown_cpp_1                  0x000002f7   Thumb Code     0  libshutdown2.o(.ARM.Collect$$libshutdown$$00000002)
    __rt_lib_shutdown_fp_trap_1              0x000002f7   Thumb Code     0  libshutdown2.o(.ARM.Collect$$libshutdown$$00000007)
    __rt_lib_shutdown_heap_1                 0x000002f7   Thumb Code     0  libshutdown2.o(.ARM.Collect$$libshutdown$$0000000F)
    __rt_lib_shutdown_return                 0x000002f7   Thumb Code     0  libshutdown2.o(.ARM.Collect$$libshutdown$$00000010)
    __rt_lib_shutdown_signal_1               0x000002f7   Thumb Code     0  libshutdown2.o(.ARM.Collect$$libshutdown$$0000000A)
    __rt_lib_shutdown_stdio_1                0x000002f7   Thumb Code     0  libshutdown2.o(.ARM.Collect$$libshutdown$$00000004)
    __rt_lib_shutdown_user_alloc_1           0x000002f7   Thumb Code     0  libshutdown2.o(.ARM.Collect$$libshutdown$$0000000C)
    __rt_entry                               0x000002f9   Thumb Code     0  __rtentry.o(.ARM.Collect$$rtentry$$00000000)
    __rt_entry_presh_1                       0x000002f9   Thumb Code     0  __rtentry2.o(.ARM.Collect$$rtentry$$00000002)
    __rt_entry_sh                            0x000002f9   Thumb Code     0  __rtentry4.o(.ARM.Collect$$rtentry$$00000004)
    __rt_entry_li                            0x000002ff   Thumb Code     0  __rtentry2.o(.ARM.Collect$$rtentry$$0000000A)
    __rt_entry_postsh_1                      0x000002ff   Thumb Code     0  __rtentry2.o(.ARM.Collect$$rtentry$$00000009)
    __rt_entry_main                          0x00000303   Thumb Code     0  __rtentry2.o(.ARM.Collect$$rtentry$$0000000D)
    __rt_entry_postli_1                      0x00000303   Thumb Code     0  __rtentry2.o(.ARM.Collect$$rtentry$$0000000C)
    __rt_exit                                0x0000030b   Thumb Code     0  rtexit.o(.ARM.Collect$$rtexit$$00000000)
    __rt_exit_ls                             0x0000030d   Thumb Code     0  rtexit2.o(.ARM.Collect$$rtexit$$00000003)
    __rt_exit_prels_1                        0x0000030d   Thumb Code     0  rtexit2.o(.ARM.Collect$$rtexit$$00000002)
    __rt_exit_exit                           0x00000311   Thumb Code     0  rtexit2.o(.ARM.Collect$$rtexit$$00000004)
    PLL_Init                                 0x00000319   Thumb Code     0  utils.o(.text)
    SysTick_Init                             0x00000441   Thumb Code     0  utils.o(.text)
    SysTick_Wait1ms                          0x0000047b   Thumb Code     0  utils.o(.text)
    SysTick_Wait1us                          0x0000048d   Thumb Code     0  utils.o(.text)
    DisableInterrupts                        0x000004fd   Thumb Code     0  startup.o(.text)
    EnableInterrupts                         0x00000501   Thumb Code     0  startup.o(.text)
    StartCritical                            0x00000505   Thumb Code     0  startup.o(.text)
    EndCritical                              0x0000050d   Thumb Code     0  startup.o(.text)
    WaitForInterrupt                         0x00000513   Thumb Code     0  startup.o(.text)
    __user_initial_stackheap                 0x00000517   Thumb Code     0  startup.o(.text)
    __2sprintf                               0x0000052d   Thumb Code    34  noretval__2sprintf.o(.text)
    __printf                                 0x00000555   Thumb Code   104  __printf.o(.text)
    _printf_int_dec                          0x000005bd   Thumb Code   104  _printf_dec.o(.text)
    strtol                                   0x00000635   Thumb Code   112  strtol.o(.text)
    __use_two_region_memory                  0x000006a5   Thumb Code     2  heapauxi.o(.text)
    __rt_heap_escrow$2region                 0x000006a7   Thumb Code     2  heapauxi.o(.text)
    __rt_heap_expand$2region                 0x000006a9   Thumb Code     2  heapauxi.o(.text)
    __rt_ctype_table                         0x000006ad   Thumb Code    16  rt_ctype_table.o(.text)
    __aeabi_errno_addr                       0x000006bd   Thumb Code     8  rt_errno_addr_intlibspace.o(.text)
    __errno$intlibspace                      0x000006bd   Thumb Code     0  rt_errno_addr_intlibspace.o(.text)
    __rt_errno_addr$intlibspace              0x000006bd   Thumb Code     0  rt_errno_addr_intlibspace.o(.text)
    _printf_int_common                       0x000006c5   Thumb Code   178  _printf_intcommon.o(.text)
    _printf_char_common                      0x00000783   Thumb Code    32  _printf_char_common.o(.text)
    _sputc                                   0x000007a9   Thumb Code    10  _sputc.o(.text)
    _strtoul                                 0x000007b3   Thumb Code   158  _strtoul.o(.text)
    __user_libspace                          0x00000851   Thumb Code     8  libspace.o(.text)
    __user_perproc_libspace                  0x00000851   Thumb Code     0  libspace.o(.text)
    __user_perthread_libspace                0x00000851   Thumb Code     0  libspace.o(.text)
    __rt_locale                              0x00000859   Thumb Code     8  rt_locale_intlibspace.o(.text)
    _chval                                   0x00000861   Thumb Code    28  _chval.o(.text)
    __user_setup_stackheap                   0x0000087d   Thumb Code    74  sys_stackheap_outer.o(.text)
    exit                                     0x000008c7   Thumb Code    18  exit.o(.text)
    strcmp                                   0x000008d9   Thumb Code   124  strcmpv7em.o(.text)
    _sys_exit                                0x00000955   Thumb Code     8  sys_exit.o(.text)
    __I$use$semihosting                      0x00000961   Thumb Code     0  use_no_semi.o(.text)
    __use_no_semihosting_swi                 0x00000961   Thumb Code     2  use_no_semi.o(.text)
    __semihosting_library_function           0x00000963   Thumb Code     0  indicate_semi.o(.text)
    GPIO_Init                                0x00000965   Thumb Code   264  gpio.o(.text.GPIO_Init)
    GetInitialInformation                    0x00000a6d   Thumb Code   270  controller.o(.text.GetInitialInformation)
    GetKey                                   0x00000b7d   Thumb Code   128  keyboard.o(.text.GetKey)
    LCD_Init                                 0x00000bfd   Thumb Code   336  lcd.o(.text.LCD_Init)
    MoveMotor                                0x00000d4d   Thumb Code   280  motor.o(.text.MoveMotor)
    PortA_Output                             0x00000e69   Thumb Code    12  gpio.o(.text.PortA_Output)
    PortH_Output                             0x00000e75   Thumb Code    12  gpio.o(.text.PortH_Output)
    PortK_Output                             0x00000e81   Thumb Code    12  gpio.o(.text.PortK_Output)
    PortM_Output_LCD                         0x00000e8d   Thumb Code    20  gpio.o(.text.PortM_Output_LCD)
    PortN_Output                             0x00000ea1   Thumb Code    12  gpio.o(.text.PortN_Output)
    PortP_Output                             0x00000ead   Thumb Code    12  gpio.o(.text.PortP_Output)
    PortQ_Output                             0x00000eb9   Thumb Code    12  gpio.o(.text.PortQ_Output)
    ResetInformation                         0x00000ec5   Thumb Code    12  controller.o(.text.ResetInformation)
    Return_PortA                             0x00000ed1   Thumb Code    12  gpio.o(.text.Return_PortA)
    Return_PortL                             0x00000edd   Thumb Code    12  gpio.o(.text.Return_PortL)
    Return_PortM                             0x00000ee9   Thumb Code    12  gpio.o(.text.Return_PortM)
    Return_PortN                             0x00000ef5   Thumb Code    12  gpio.o(.text.Return_PortN)
    Return_PortP                             0x00000f01   Thumb Code    12  gpio.o(.text.Return_PortP)
    Return_PortQ                             0x00000f0d   Thumb Code    12  gpio.o(.text.Return_PortQ)
    SetOneExitM                              0x00000f19   Thumb Code    72  gpio.o(.text.SetOneExitM)
    ShowStatus                               0x00000f61   Thumb Code   202  controller.o(.text.ShowStatus)
    SkipLine                                 0x0000102d   Thumb Code    54  lcd.o(.text.SkipLine)
    Timer2A_Handler                          0x00001065   Thumb Code    42  timer.o(.text.Timer2A_Handler)
    WriteLetter_LCD                          0x00001091   Thumb Code   104  lcd.o(.text.WriteLetter_LCD)
    WriteWord_LCD                            0x000010f9   Thumb Code    32  lcd.o(.text.WriteWord_LCD)
    clearDisplay                             0x00001119   Thumb Code    66  lcd.o(.text.clearDisplay)
    enable_leds                              0x0000115d   Thumb Code    18  leds.o(.text.enable_leds)
    init_timer                               0x00001171   Thumb Code   102  timer.o(.text.init_timer)
    invertLED                                0x000011d9   Thumb Code    18  ledblinking.o(.text.invertLED)
    main                                     0x000011ed   Thumb Code   148  main.o(.text.main)
    start_counting                           0x00001281   Thumb Code    30  timer.o(.text.start_counting)
    stop_counting                            0x000012a1   Thumb Code    14  timer.o(.text.stop_counting)
    turnOffLED                               0x000012b1   Thumb Code    16  ledblinking.o(.text.turnOffLED)
    turn_off_all                             0x000012c1   Thumb Code    34  leds.o(.text.turn_off_all)
    turn_on_int                              0x000012e5   Thumb Code   148  leds.o(.text.turn_on_int)
    _get_lc_ctype                            0x00001379   Thumb Code    44  lc_ctype_c.o(locale$$code)
    _fp_init                                 0x000013a5   Thumb Code    26  fpinit.o(x$fpl$fpinit)
    __fplib_config_fpu_vfp                   0x000013bd   Thumb Code     0  fpinit.o(x$fpl$fpinit)
    __fplib_config_pureend_doubles           0x000013bd   Thumb Code     0  fpinit.o(x$fpl$fpinit)
    Region$$Table$$Base                      0x000013c8   Number         0  anon$$obj.o(Region$$Table)
    Region$$Table$$Limit                     0x000013e8   Number         0  anon$$obj.o(Region$$Table)
    __ctype                                  0x000013f5   Data           0  lc_ctype_c.o(locale$$data)
    keyboard                                 0x20000000   Data          16  keyboard.o(.data.keyboard)
    __libspace_start                         0x20000010   Data          96  libspace.o(.bss)
    __temporary_stack_top$libspace           0x20000070   Data           0  libspace.o(.bss)
    activated                                0x20000070   Data           4  timer.o(.bss.activated)



==============================================================================

Memory Map of the image

  Image Entry point : 0x00000209

  Load Region LR_1 (Base: 0x00000000, Size: 0x00001508, Max: 0xffffffff, ABSOLUTE)

    Execution Region ER_RO (Exec base: 0x00000000, Load base: 0x00000000, Size: 0x000014f8, Max: 0xffffffff, ABSOLUTE)

    Exec Addr    Load Addr    Size         Type   Attr      Idx    E Section Name        Object

    0x00000000   0x00000000   0x00000230   Code   RO            8  * RESET               startup.o
    0x00000230   0x00000230   0x00000008   Code   RO          234  * !!!main             c_w.l(__main.o)
    0x00000238   0x00000238   0x0000005c   Code   RO          448    !!!scatter          c_w.l(__scatter.o)
    0x00000294   0x00000294   0x0000001a   Code   RO          452    !!handler_copy      c_w.l(__scatter_copy.o)
    0x000002ae   0x000002ae   0x00000002   PAD
    0x000002b0   0x000002b0   0x00000002   Code   RO          449    !!handler_null      c_w.l(__scatter.o)
    0x000002b2   0x000002b2   0x00000002   PAD
    0x000002b4   0x000002b4   0x0000001c   Code   RO          454    !!handler_zi        c_w.l(__scatter_zi.o)
    0x000002d0   0x000002d0   0x00000000   Code   RO          229    .ARM.Collect$$_printf_percent$$00000000  c_w.l(_printf_percent.o)
    0x000002d0   0x000002d0   0x00000006   Code   RO          228    .ARM.Collect$$_printf_percent$$00000009  c_w.l(_printf_d.o)
    0x000002d6   0x000002d6   0x00000004   Code   RO          258    .ARM.Collect$$_printf_percent$$00000017  c_w.l(_printf_percent_end.o)
    0x000002da   0x000002da   0x00000002   Code   RO          313    .ARM.Collect$$libinit$$00000000  c_w.l(libinit.o)
    0x000002dc   0x000002dc   0x00000004   Code   RO          314    .ARM.Collect$$libinit$$00000001  c_w.l(libinit2.o)
    0x000002e0   0x000002e0   0x00000000   Code   RO          317    .ARM.Collect$$libinit$$00000004  c_w.l(libinit2.o)
    0x000002e0   0x000002e0   0x00000000   Code   RO          319    .ARM.Collect$$libinit$$00000006  c_w.l(libinit2.o)
    0x000002e0   0x000002e0   0x00000000   Code   RO          322    .ARM.Collect$$libinit$$0000000C  c_w.l(libinit2.o)
    0x000002e0   0x000002e0   0x00000000   Code   RO          324    .ARM.Collect$$libinit$$0000000E  c_w.l(libinit2.o)
    0x000002e0   0x000002e0   0x00000000   Code   RO          326    .ARM.Collect$$libinit$$00000010  c_w.l(libinit2.o)
    0x000002e0   0x000002e0   0x00000006   Code   RO          327    .ARM.Collect$$libinit$$00000011  c_w.l(libinit2.o)
    0x000002e6   0x000002e6   0x00000000   Code   RO          329    .ARM.Collect$$libinit$$00000013  c_w.l(libinit2.o)
    0x000002e6   0x000002e6   0x0000000c   Code   RO          330    .ARM.Collect$$libinit$$00000014  c_w.l(libinit2.o)
    0x000002f2   0x000002f2   0x00000000   Code   RO          331    .ARM.Collect$$libinit$$00000015  c_w.l(libinit2.o)
    0x000002f2   0x000002f2   0x00000000   Code   RO          333    .ARM.Collect$$libinit$$00000017  c_w.l(libinit2.o)
    0x000002f2   0x000002f2   0x00000000   Code   RO          335    .ARM.Collect$$libinit$$00000019  c_w.l(libinit2.o)
    0x000002f2   0x000002f2   0x00000000   Code   RO          337    .ARM.Collect$$libinit$$0000001B  c_w.l(libinit2.o)
    0x000002f2   0x000002f2   0x00000000   Code   RO          339    .ARM.Collect$$libinit$$0000001D  c_w.l(libinit2.o)
    0x000002f2   0x000002f2   0x00000000   Code   RO          341    .ARM.Collect$$libinit$$0000001F  c_w.l(libinit2.o)
    0x000002f2   0x000002f2   0x00000000   Code   RO          343    .ARM.Collect$$libinit$$00000021  c_w.l(libinit2.o)
    0x000002f2   0x000002f2   0x00000000   Code   RO          345    .ARM.Collect$$libinit$$00000023  c_w.l(libinit2.o)
    0x000002f2   0x000002f2   0x00000000   Code   RO          347    .ARM.Collect$$libinit$$00000025  c_w.l(libinit2.o)
    0x000002f2   0x000002f2   0x00000000   Code   RO          349    .ARM.Collect$$libinit$$00000027  c_w.l(libinit2.o)
    0x000002f2   0x000002f2   0x00000000   Code   RO          353    .ARM.Collect$$libinit$$0000002E  c_w.l(libinit2.o)
    0x000002f2   0x000002f2   0x00000000   Code   RO          355    .ARM.Collect$$libinit$$00000030  c_w.l(libinit2.o)
    0x000002f2   0x000002f2   0x00000000   Code   RO          357    .ARM.Collect$$libinit$$00000032  c_w.l(libinit2.o)
    0x000002f2   0x000002f2   0x00000000   Code   RO          359    .ARM.Collect$$libinit$$00000034  c_w.l(libinit2.o)
    0x000002f2   0x000002f2   0x00000002   Code   RO          360    .ARM.Collect$$libinit$$00000035  c_w.l(libinit2.o)
    0x000002f4   0x000002f4   0x00000002   Code   RO          394    .ARM.Collect$$libshutdown$$00000000  c_w.l(libshutdown.o)
    0x000002f6   0x000002f6   0x00000000   Code   RO          405    .ARM.Collect$$libshutdown$$00000002  c_w.l(libshutdown2.o)
    0x000002f6   0x000002f6   0x00000000   Code   RO          407    .ARM.Collect$$libshutdown$$00000004  c_w.l(libshutdown2.o)
    0x000002f6   0x000002f6   0x00000000   Code   RO          410    .ARM.Collect$$libshutdown$$00000007  c_w.l(libshutdown2.o)
    0x000002f6   0x000002f6   0x00000000   Code   RO          413    .ARM.Collect$$libshutdown$$0000000A  c_w.l(libshutdown2.o)
    0x000002f6   0x000002f6   0x00000000   Code   RO          415    .ARM.Collect$$libshutdown$$0000000C  c_w.l(libshutdown2.o)
    0x000002f6   0x000002f6   0x00000000   Code   RO          418    .ARM.Collect$$libshutdown$$0000000F  c_w.l(libshutdown2.o)
    0x000002f6   0x000002f6   0x00000002   Code   RO          419    .ARM.Collect$$libshutdown$$00000010  c_w.l(libshutdown2.o)
    0x000002f8   0x000002f8   0x00000000   Code   RO          244    .ARM.Collect$$rtentry$$00000000  c_w.l(__rtentry.o)
    0x000002f8   0x000002f8   0x00000000   Code   RO          272    .ARM.Collect$$rtentry$$00000002  c_w.l(__rtentry2.o)
    0x000002f8   0x000002f8   0x00000006   Code   RO          284    .ARM.Collect$$rtentry$$00000004  c_w.l(__rtentry4.o)
    0x000002fe   0x000002fe   0x00000000   Code   RO          274    .ARM.Collect$$rtentry$$00000009  c_w.l(__rtentry2.o)
    0x000002fe   0x000002fe   0x00000004   Code   RO          275    .ARM.Collect$$rtentry$$0000000A  c_w.l(__rtentry2.o)
    0x00000302   0x00000302   0x00000000   Code   RO          277    .ARM.Collect$$rtentry$$0000000C  c_w.l(__rtentry2.o)
    0x00000302   0x00000302   0x00000008   Code   RO          278    .ARM.Collect$$rtentry$$0000000D  c_w.l(__rtentry2.o)
    0x0000030a   0x0000030a   0x00000002   Code   RO          361    .ARM.Collect$$rtexit$$00000000  c_w.l(rtexit.o)
    0x0000030c   0x0000030c   0x00000000   Code   RO          368    .ARM.Collect$$rtexit$$00000002  c_w.l(rtexit2.o)
    0x0000030c   0x0000030c   0x00000004   Code   RO          369    .ARM.Collect$$rtexit$$00000003  c_w.l(rtexit2.o)
    0x00000310   0x00000310   0x00000006   Code   RO          370    .ARM.Collect$$rtexit$$00000004  c_w.l(rtexit2.o)
    0x00000316   0x00000316   0x00000002   PAD
    0x00000318   0x00000318   0x000001e4   Code   RO            1    .text               utils.o
    0x000004fc   0x000004fc   0x00000030   Code   RO            9    .text               startup.o
    0x0000052c   0x0000052c   0x00000028   Code   RO          202    .text               c_w.l(noretval__2sprintf.o)
    0x00000554   0x00000554   0x00000068   Code   RO          204    .text               c_w.l(__printf.o)
    0x000005bc   0x000005bc   0x00000078   Code   RO          206    .text               c_w.l(_printf_dec.o)
    0x00000634   0x00000634   0x00000070   Code   RO          230    .text               c_w.l(strtol.o)
    0x000006a4   0x000006a4   0x00000006   Code   RO          232    .text               c_w.l(heapauxi.o)
    0x000006aa   0x000006aa   0x00000002   PAD
    0x000006ac   0x000006ac   0x00000010   Code   RO          245    .text               c_w.l(rt_ctype_table.o)
    0x000006bc   0x000006bc   0x00000008   Code   RO          250    .text               c_w.l(rt_errno_addr_intlibspace.o)
    0x000006c4   0x000006c4   0x000000b2   Code   RO          252    .text               c_w.l(_printf_intcommon.o)
    0x00000776   0x00000776   0x00000002   PAD
    0x00000778   0x00000778   0x00000030   Code   RO          254    .text               c_w.l(_printf_char_common.o)
    0x000007a8   0x000007a8   0x0000000a   Code   RO          256    .text               c_w.l(_sputc.o)
    0x000007b2   0x000007b2   0x0000009e   Code   RO          259    .text               c_w.l(_strtoul.o)
    0x00000850   0x00000850   0x00000008   Code   RO          268    .text               c_w.l(libspace.o)
    0x00000858   0x00000858   0x00000008   Code   RO          289    .text               c_w.l(rt_locale_intlibspace.o)
    0x00000860   0x00000860   0x0000001c   Code   RO          293    .text               c_w.l(_chval.o)
    0x0000087c   0x0000087c   0x0000004a   Code   RO          302    .text               c_w.l(sys_stackheap_outer.o)
    0x000008c6   0x000008c6   0x00000012   Code   RO          304    .text               c_w.l(exit.o)
    0x000008d8   0x000008d8   0x0000007c   Code   RO          306    .text               c_w.l(strcmpv7em.o)
    0x00000954   0x00000954   0x0000000c   Code   RO          380    .text               c_w.l(sys_exit.o)
    0x00000960   0x00000960   0x00000002   Code   RO          395    .text               c_w.l(use_no_semi.o)
    0x00000962   0x00000962   0x00000000   Code   RO          397    .text               c_w.l(indicate_semi.o)
    0x00000962   0x00000962   0x00000002   PAD
    0x00000964   0x00000964   0x00000108   Code   RO           26    .text.GPIO_Init     gpio.o
    0x00000a6c   0x00000a6c   0x0000010e   Code   RO          102    .text.GetInitialInformation  controller.o
    0x00000b7a   0x00000b7a   0x00000002   PAD
    0x00000b7c   0x00000b7c   0x00000080   Code   RO           92    .text.GetKey        keyboard.o
    0x00000bfc   0x00000bfc   0x00000150   Code   RO           68    .text.LCD_Init      lcd.o
    0x00000d4c   0x00000d4c   0x0000011c   Code   RO          131    .text.MoveMotor     motor.o
    0x00000e68   0x00000e68   0x0000000c   Code   RO           30    .text.PortA_Output  gpio.o
    0x00000e74   0x00000e74   0x0000000c   Code   RO           34    .text.PortH_Output  gpio.o
    0x00000e80   0x00000e80   0x0000000c   Code   RO           32    .text.PortK_Output  gpio.o
    0x00000e8c   0x00000e8c   0x00000014   Code   RO           42    .text.PortM_Output_LCD  gpio.o
    0x00000ea0   0x00000ea0   0x0000000c   Code   RO           40    .text.PortN_Output  gpio.o
    0x00000eac   0x00000eac   0x0000000c   Code   RO           36    .text.PortP_Output  gpio.o
    0x00000eb8   0x00000eb8   0x0000000c   Code   RO           38    .text.PortQ_Output  gpio.o
    0x00000ec4   0x00000ec4   0x0000000c   Code   RO          118    .text.ResetInformation  controller.o
    0x00000ed0   0x00000ed0   0x0000000c   Code   RO           52    .text.Return_PortA  gpio.o
    0x00000edc   0x00000edc   0x0000000c   Code   RO           50    .text.Return_PortL  gpio.o
    0x00000ee8   0x00000ee8   0x0000000c   Code   RO           48    .text.Return_PortM  gpio.o
    0x00000ef4   0x00000ef4   0x0000000c   Code   RO           58    .text.Return_PortN  gpio.o
    0x00000f00   0x00000f00   0x0000000c   Code   RO           54    .text.Return_PortP  gpio.o
    0x00000f0c   0x00000f0c   0x0000000c   Code   RO           56    .text.Return_PortQ  gpio.o
    0x00000f18   0x00000f18   0x00000048   Code   RO           46    .text.SetOneExitM   gpio.o
    0x00000f60   0x00000f60   0x000000ca   Code   RO          110    .text.ShowStatus    controller.o
    0x0000102a   0x0000102a   0x00000002   PAD
    0x0000102c   0x0000102c   0x00000036   Code   RO           82    .text.SkipLine      lcd.o
    0x00001062   0x00001062   0x00000002   PAD
    0x00001064   0x00001064   0x0000002a   Code   RO          189    .text.Timer2A_Handler  timer.o
    0x0000108e   0x0000108e   0x00000002   PAD
    0x00001090   0x00001090   0x00000068   Code   RO           80    .text.WriteLetter_LCD  lcd.o
    0x000010f8   0x000010f8   0x00000020   Code   RO           78    .text.WriteWord_LCD  lcd.o
    0x00001118   0x00001118   0x00000042   Code   RO           74    .text.clearDisplay  lcd.o
    0x0000115a   0x0000115a   0x00000002   PAD
    0x0000115c   0x0000115c   0x00000012   Code   RO          147    .text.enable_leds   leds.o
    0x0000116e   0x0000116e   0x00000002   PAD
    0x00001170   0x00001170   0x00000066   Code   RO          181    .text.init_timer    timer.o
    0x000011d6   0x000011d6   0x00000002   PAD
    0x000011d8   0x000011d8   0x00000012   Code   RO          169    .text.invertLED     ledblinking.o
    0x000011ea   0x000011ea   0x00000002   PAD
    0x000011ec   0x000011ec   0x00000094   Code   RO           16    .text.main          main.o
    0x00001280   0x00001280   0x0000001e   Code   RO          185    .text.start_counting  timer.o
    0x0000129e   0x0000129e   0x00000002   PAD
    0x000012a0   0x000012a0   0x0000000e   Code   RO          187    .text.stop_counting  timer.o
    0x000012ae   0x000012ae   0x00000002   PAD
    0x000012b0   0x000012b0   0x00000010   Code   RO          171    .text.turnOffLED    ledblinking.o
    0x000012c0   0x000012c0   0x00000022   Code   RO          149    .text.turn_off_all  leds.o
    0x000012e2   0x000012e2   0x00000002   PAD
    0x000012e4   0x000012e4   0x00000094   Code   RO          155    .text.turn_on_int   leds.o
    0x00001378   0x00001378   0x0000002c   Code   RO          296    locale$$code        c_w.l(lc_ctype_c.o)
    0x000013a4   0x000013a4   0x0000001a   Code   RO          365    x$fpl$fpinit        fz_wm.l(fpinit.o)
    0x000013be   0x000013be   0x00000009   Data   RO          138    .rodata..L__const.Move15degrees.steps  motor.o
    0x000013c7   0x000013c7   0x00000001   PAD
    0x000013c8   0x000013c8   0x00000020   Data   RO          447    Region$$Table       anon$$obj.o
    0x000013e8   0x000013e8   0x00000110   Data   RO          295    locale$$data        c_w.l(lc_ctype_c.o)


    Execution Region ER_RW (Exec base: 0x20000000, Load base: 0x000014f8, Size: 0x00000010, Max: 0xffffffff, ABSOLUTE)

    Exec Addr    Load Addr    Size         Type   Attr      Idx    E Section Name        Object

    0x20000000   0x000014f8   0x00000010   Data   RW           94    .data.keyboard      keyboard.o


    Execution Region ER_ZI (Exec base: 0x20000010, Load base: 0x00001508, Size: 0x00000468, Max: 0xffffffff, ABSOLUTE)

    Exec Addr    Load Addr    Size         Type   Attr      Idx    E Section Name        Object

    0x20000010        -       0x00000060   Zero   RW          269    .bss                c_w.l(libspace.o)
    0x20000070        -       0x00000004   Zero   RW          191    .bss.activated      timer.o
    0x20000074   0x00001508   0x00000004   PAD
    0x20000078        -       0x00000000   Zero   RW            7    HEAP                startup.o
    0x20000078        -       0x00000400   Zero   RW            6    STACK               startup.o


==============================================================================

Image component sizes


      Code (inc. data)   RO Data    RW Data    ZI Data      Debug   Object Name

       484          0          0          0          0       3918   controller.o
       500          0          0          0          0       2873   gpio.o
       128          0          0         16          0       1065   keyboard.o
       592          0          0          0          0       2782   lcd.o
        34          0          0          0          0        790   ledblinking.o
       200          8          0          0          0       4363   leds.o
       148          0          0          0          0        706   main.o
       284          4          9          0          0       2720   motor.o
       608        532          0          0       1024        968   startup.o
       188          0          0          0          4       1090   timer.o
       484         92          0          0          0        396   utils.o

    ----------------------------------------------------------------------
      3672        636         42         16       1032      21671   Object Totals
         0          0         32          0          0          0   (incl. Generated)
        22          0          1          0          4          0   (incl. Padding)

    ----------------------------------------------------------------------

      Code (inc. data)   RO Data    RW Data    ZI Data      Debug   Library Member Name

         8          0          0          0          0         68   __main.o
       104          0          0          0          0         84   __printf.o
         0          0          0          0          0          0   __rtentry.o
        12          0          0          0          0          0   __rtentry2.o
         6          0          0          0          0          0   __rtentry4.o
        94          8          0          0          0          0   __scatter.o
        26          0          0          0          0          0   __scatter_copy.o
        28          0          0          0          0          0   __scatter_zi.o
        28          0          0          0          0         68   _chval.o
        48          6          0          0          0         96   _printf_char_common.o
         6          0          0          0          0          0   _printf_d.o
       120         16          0          0          0         92   _printf_dec.o
       178          0          0          0          0         88   _printf_intcommon.o
         0          0          0          0          0          0   _printf_percent.o
         4          0          0          0          0          0   _printf_percent_end.o
        10          0          0          0          0         68   _sputc.o
       158          0          0          0          0         92   _strtoul.o
        18          0          0          0          0         80   exit.o
         6          0          0          0          0        152   heapauxi.o
         0          0          0          0          0          0   indicate_semi.o
        44         10        272          0          0         76   lc_ctype_c.o
         2          0          0          0          0          0   libinit.o
        24          0          0          0          0          0   libinit2.o
         2          0          0          0          0          0   libshutdown.o
         2          0          0          0          0          0   libshutdown2.o
         8          4          0          0         96         68   libspace.o
        40          6          0          0          0         84   noretval__2sprintf.o
        16          4          0          0          0         76   rt_ctype_table.o
         8          4          0          0          0         68   rt_errno_addr_intlibspace.o
         8          4          0          0          0         68   rt_locale_intlibspace.o
         2          0          0          0          0          0   rtexit.o
        10          0          0          0          0          0   rtexit2.o
       124          0          0          0          0         88   strcmpv7em.o
       112          0          0          0          0         88   strtol.o
        12          4          0          0          0         68   sys_exit.o
        74          0          0          0          0         80   sys_stackheap_outer.o
         2          0          0          0          0         68   use_no_semi.o
        26          0          0          0          0        116   fpinit.o

    ----------------------------------------------------------------------
      1382         66        272          0         96       1836   Library Totals
        12          0          0          0          0          0   (incl. Padding)

    ----------------------------------------------------------------------

      Code (inc. data)   RO Data    RW Data    ZI Data      Debug   Library Name

      1344         66        272          0         96       1720   c_w.l
        26          0          0          0          0        116   fz_wm.l

    ----------------------------------------------------------------------
      1382         66        272          0         96       1836   Library Totals

    ----------------------------------------------------------------------

==============================================================================


      Code (inc. data)   RO Data    RW Data    ZI Data      Debug   

      5054        702        314         16       1128      22531   Grand Totals
      5054        702        314         16       1128      22531   ELF Image Totals
      5054        702        314         16          0          0   ROM Totals

==============================================================================

    Total RO  Size (Code + RO Data)                 5368 (   5.24kB)
    Total RW  Size (RW Data + ZI Data)              1144 (   1.12kB)
    Total ROM Size (Code + RO Data + RW Data)       5384 (   5.26kB)

==============================================================================

